ARM Linker, 5.03 [Build 76] [MDK-ARM Standard]

==============================================================================

Section Cross References

    main.o(.text) refers to analogin_api.o(i.analogin_read_u16) for analogin_read_u16
    main.o(.text) refers to aeabi_sdivfast.o(.text) for __aeabi_idivmod
    main.o(.text) refers to main.o(i._ZN4mbed10DigitalOutaSEi) for mbed::DigitalOut::operator =(int)
    main.o(.text) refers to Stream.o(i._ZN4mbed6Stream4putcEi) for mbed::Stream::putc(int)
    main.o(.text) refers to Stream.o(i._ZN4mbed6Stream6printfEPKcz) for mbed::Stream::printf(const char*, ...)
    main.o(.text) refers to SerialBase.o(i._ZN4mbed10SerialBase4baudEi) for mbed::SerialBase::baud(int)
    main.o(.text) refers to FunctionPointer.o(i._ZN4mbed15FunctionPointer6attachEPFvvE) for mbed::FunctionPointer::attach(void(*)())
    main.o(.text) refers to Ticker.o(i._ZN4mbed6Ticker5setupEj) for mbed::Ticker::setup(unsigned)
    main.o(.text) refers to wait_api.o(i.wait) for wait
    main.o(.text) refers to TimerEvent.o(i._ZN4mbed10TimerEventC2Ev) for mbed::TimerEvent::TimerEvent__sub_object()
    main.o(.text) refers to FunctionPointer.o(i._ZN4mbed15FunctionPointerC1EPFvvE) for mbed::FunctionPointer::FunctionPointer(void(*)())
    main.o(.text) refers to aeabi_atexit.o(i.__aeabi_atexit) for __aeabi_atexit
    main.o(.text) refers to main.o(i._ZN4mbed10DigitalOutC1E7PinName) for mbed::DigitalOut::DigitalOut(PinName)
    main.o(.text) refers to analogin_api.o(i.analogin_init) for analogin_init
    main.o(.text) refers to Serial.o(i._ZN4mbed6SerialC1E7PinNameS1_PKc) for mbed::Serial::Serial(PinName, PinName, const char*)
    main.o(.text) refers to main.o(.data) for pulsepin
    main.o(.text) refers to main.o(.bss) for led1
    main.o(.text) refers to Ticker.o(.constdata__ZTVN4mbed6TickerE) for vtable for mbed::Ticker
    main.o(.text) refers to Ticker.o(i._ZN4mbed6TickerD1Ev) for mbed::Ticker::~Ticker()
    main.o(.text) refers to Serial.o(i._ZN4mbed6SerialD1Ev) for mbed::Serial::~Serial()
    main.o(.ARM.exidx) refers to main.o(.text) for .text
    main.o(.init_array) refers to main.o(.text) for __sti___8_main_cpp
    main.o(.init_array) refers to init_aeabi.o(.text) for __cpp_initialize__aeabi_
    sys.o(.ARM.exidx) refers to sys.o(i.__user_setup_stackheap) for i.__user_setup_stackheap
    cmsis_nvic.o(i.NVIC_SetVector) refers to rt_memmove.o(.text) for __aeabi_memmove4
    system_MKL25Z4.o(i.SystemCoreClockUpdate) refers to aeabi_sdivfast.o(.text) for __aeabi_uidivmod
    system_MKL25Z4.o(i.SystemCoreClockUpdate) refers to system_MKL25Z4.o(.data) for .data
    startup_MKL25Z4.o(RESET) refers to startup_MKL25Z4.o(.text) for Reset_Handler
    startup_MKL25Z4.o(.text) refers to system_MKL25Z4.o(i.SystemInit) for SystemInit
    startup_MKL25Z4.o(.text) refers to __main.o(!!!main) for __main
    retarget.o(i.$Sub$$main) refers to retarget.o(i.mbed_sdk_init) for mbed_sdk_init
    retarget.o(i.$Sub$$main) refers to retarget.o(i.mbed_main) for mbed_main
    retarget.o(i.$Sub$$main) refers to main.o(.text) for $Super$$main
    retarget.o(i._ZN4mbed10FileHandleD0Ev) refers to delete.o(i._ZdlPv) for operator delete (void*)
    retarget.o(i._ZN4mbed10FileHandleD0Ev) refers to retarget.o(.constdata__ZTVN4mbed10FileHandleE) for vtable for mbed::FileHandle
    retarget.o(i._ZN4mbed10FileHandleD0Ev) refers to retarget.o(.bss) for .bss
    retarget.o(i._ZN4mbed10FileHandleD2Ev) refers to retarget.o(.constdata__ZTVN4mbed10FileHandleE) for vtable for mbed::FileHandle
    retarget.o(i._ZN4mbed10FileHandleD2Ev) refers to retarget.o(.bss) for .bss
    retarget.o(i._sys_close) refers to retarget.o(.bss) for .bss
    retarget.o(i._sys_ensure) refers to retarget.o(.bss) for .bss
    retarget.o(i._sys_flen) refers to retarget.o(.bss) for .bss
    retarget.o(i._sys_istty) refers to retarget.o(.bss) for .bss
    retarget.o(i._sys_open) refers to _scanf_int.o(.text) for _scanf_int
    retarget.o(i._sys_open) refers to strcmp.o(.text) for strcmp
    retarget.o(i._sys_open) refers to serial_api.o(i.serial_init) for serial_init
    retarget.o(i._sys_open) refers to FilePath.o(i._ZN4mbed8FilePathC1EPKc) for mbed::FilePath::FilePath(const char*)
    retarget.o(i._sys_open) refers to FilePath.o(i._ZN4mbed8FilePath6existsEv) for mbed::FilePath::exists()
    retarget.o(i._sys_open) refers to FilePath.o(i._ZN4mbed8FilePath6isFileEv) for mbed::FilePath::isFile()
    retarget.o(i._sys_open) refers to FilePath.o(i._ZN4mbed8FilePath4fileEv) for mbed::FilePath::file()
    retarget.o(i._sys_open) refers to __0sscanf.o(.text) for __0sscanf
    retarget.o(i._sys_open) refers to FilePath.o(i._ZN4mbed8FilePath10fileSystemEv) for mbed::FilePath::fileSystem()
    retarget.o(i._sys_open) refers to FilePath.o(i._ZN4mbed8FilePath8fileNameEv) for mbed::FilePath::fileName()
    retarget.o(i._sys_open) refers to retarget.o(.constdata) for .constdata
    retarget.o(i._sys_open) refers to serial_api.o(.data) for stdio_uart_inited
[...]
    __lcctype_c_start                        0x00004680   Data           0  lc_ctype_c.o(locale$$data)
    .init_array                              0x00004784   Section        4  main.o(.init_array)
    __lcctype_c_end                          0x00004784   Data           0  lc_ctype_c.o(locale$$data)
    .data                                    0x1ffff0c0   Section       28  main.o(.data)
    .data                                    0x1ffff0dc   Section        4  system_MKL25Z4.o(.data)
    .data                                    0x1ffff0e0   Section       16  serial_api.o(.data)
    irq_handler                              0x1ffff0e4   Data           4  serial_api.o(.data)
    .data                                    0x1ffff0f0   Section       12  us_ticker.o(.data)
    us_ticker_int_remainder                  0x1ffff0f0   Data           2  us_ticker.o(.data)
    us_ticker_inited                         0x1ffff0f4   Data           4  us_ticker.o(.data)
    us_ticker_int_counter                    0x1ffff0f8   Data           4  us_ticker.o(.data)
    .data                                    0x1ffff0fc   Section        8  us_ticker_api.o(.data)
    head                                     0x1ffff0fc   Data           4  us_ticker_api.o(.data)
    event_handler                            0x1ffff100   Data           4  us_ticker_api.o(.data)
    .data                                    0x1ffff104   Section        4  FileBase.o(.data)
    .data                                    0x1ffff108   Section        4  semihost_api.o(.data)
    is_debugger_attached                     0x1ffff108   Data           4  semihost_api.o(.data)
    .data                                    0x1ffff10c   Section        4  stdio_streams.o(.data)
    .data                                    0x1ffff110   Section        4  stdio_streams.o(.data)
    .data                                    0x1ffff114   Section        4  stdio_streams.o(.data)
    .data                                    0x1ffff118   Section        4  heapauxa.o(.data)
    __rt_heap_escrow_base                    0x1ffff118   Data           4  heapauxa.o(.data)
    .bss                                     0x1ffff11c   Section      208  main.o(.bss)
    .bss                                     0x1ffff1ec   Section       64  retarget.o(.bss)
    filehandles                              0x1ffff1ec   Data          64  retarget.o(.bss)
    .bss                                     0x1ffff22c   Section       12  serial_api.o(.bss)
    serial_irq_ids                           0x1ffff22c   Data          12  serial_api.o(.bss)
    .bss                                     0x1ffff238   Section       84  stdio_streams.o(.bss)
    .bss                                     0x1ffff28c   Section       84  stdio_streams.o(.bss)
    .bss                                     0x1ffff2e0   Section       84  stdio_streams.o(.bss)
    .bss                                     0x1ffff334   Section        4  rt_ddtor_pointer_addr.o(.bss)
    __rt_ddtor_pointer_addr_data             0x1ffff334   Data           4  rt_ddtor_pointer_addr.o(.bss)
    .bss                                     0x1ffff338   Section        4  rt_heap_descriptor.o(.bss)
    __rt_heap_descriptor_data                0x1ffff338   Data           4  rt_heap_descriptor.o(.bss)
    .bss                                     0x1ffff33c   Section       20  rt_locale.o(.bss)
    __rt_locale_data                         0x1ffff33c   Data          20  rt_locale.o(.bss)
    .bss                                     0x1ffff350   Section        4  rt_errno_addr.o(.bss)
    __aeabi_errno_addr_data                  0x1ffff350   Data           4  rt_errno_addr.o(.bss)

    Global Symbols

    Symbol Name                              Value     Ov Type        Size  Object(Section)

    BuildAttributes$$THM_ISAv3M$S$PE$A:L22$X:L11$S22$IEEE1$IW$USESV6$~STKCKD$USESV7$~SHL$OTIME$ROPI$IEEEX$EBA8$UX$STANDARDLIB$REQ8$PRES8$EABIv2 0x00000000   Number         0  anon$$obj.o ABSOLUTE
    __ARM_use_no_argv                        0x00000000   Number         0  main.o ABSOLUTE
    __Vectors                                0x00000000   Data           4  startup_MKL25Z4.o(RESET)
    __dso_handle                             0x00000000   Number         0  startup_MKL25Z4.o(RESET)
    _printf_flags                            0x00000000   Number         0  printf_stubs.o ABSOLUTE
    _printf_return_value                     0x00000000   Number         0  printf_stubs.o ABSOLUTE
    _printf_sizespec                         0x00000000   Number         0  printf_stubs.o ABSOLUTE
    _printf_widthprec                        0x00000000   Number         0  printf_stubs.o ABSOLUTE
    SHT$$ARM_EXIDX$$Base                      - Undefined Reference
    SHT$$ARM_EXIDX$$Limit                     - Undefined Reference
    __ARM::default_unexpected_handler()       - Undefined Weak Reference
    __ARM_exceptions_buffer_required          - Undefined Weak Reference
    __ARM_exceptions_init                     - Undefined Weak Reference
    __aeabi_unwind_cpp_pr1                    - Undefined Weak Reference
    __aeabi_unwind_cpp_pr2                    - Undefined Weak Reference
    __alloca_initialize                       - Undefined Weak Reference
    __cxa_begin_cleanup                       - Undefined Weak Reference
    __cxa_type_match                          - Undefined Weak Reference
    __rt_lib_shutdown                         - Undefined Weak Reference
    __sigvec_lookup                           - Undefined Weak Reference
    __user_heap_extent                        - Undefined Weak Reference
    _atexit_init                              - Undefined Weak Reference
    _clock_init                               - Undefined Weak Reference
    _fp_trap_init                             - Undefined Weak Reference
    _fp_trap_shutdown                         - Undefined Weak Reference
    _get_lc_collate                           - Undefined Weak Reference
    _get_lc_monetary                          - Undefined Weak Reference
    _get_lc_time                              - Undefined Weak Reference
    _getenv_init                              - Undefined Weak Reference
    _handle_redirection                       - Undefined Weak Reference
    _mutex_acquire                            - Undefined Weak Reference
    _mutex_free                               - Undefined Weak Reference
    _mutex_release                            - Undefined Weak Reference
    _printf_fp_hex                            - Undefined Weak Reference
    _printf_mbtowc                            - Undefined Weak Reference
    _printf_wc                                - Undefined Weak Reference
    _rand_init                                - Undefined Weak Reference
    _signal_finish                            - Undefined Weak Reference
    _signal_init                              - Undefined Weak Reference
    __Vectors_End                            0x000000c0   Data           0  startup_MKL25Z4.o(RESET)
    __Vectors_Size                           0x000000c0   Number         0  startup_MKL25Z4.o ABSOLUTE
    __main                                   0x000000c1   Thumb Code     8  __main.o(!!!main)
    __scatterload                            0x000000c9   Thumb Code     0  __scatter.o(!!!scatter)
    __scatterload_rt2                        0x000000c9   Thumb Code    52  __scatter.o(!!!scatter)
    __scatterload_rt2_thumb_only             0x000000c9   Thumb Code     0  __scatter.o(!!!scatter)
    __scatterload_null                       0x000000d9   Thumb Code     0  __scatter.o(!!!scatter)
    __scatterload_copy                       0x00000105   Thumb Code    26  __scatter_copy.o(!!handler_copy)
    __scatterload_zeroinit                   0x00000121   Thumb Code    28  __scatter_zi.o(!!handler_zi)
    _printf_percent                          0x0000013d   Thumb Code     0  _printf_percent.o(.ARM.Collect$$_printf_percent$$00000000)
    _printf_n                                0x0000013f   Thumb Code     0  _printf_n.o(.ARM.Collect$$_printf_percent$$00000001)
    _printf_p                                0x00000149   Thumb Code     0  _printf_p.o(.ARM.Collect$$_printf_percent$$00000002)
    _printf_f                                0x00000153   Thumb Code     0  _printf_f.o(.ARM.Collect$$_printf_percent$$00000003)
    _printf_e                                0x0000015d   Thumb Code     0  _printf_e.o(.ARM.Collect$$_printf_percent$$00000004)
    _printf_g                                0x00000167   Thumb Code     0  _printf_g.o(.ARM.Collect$$_printf_percent$$00000005)
    _printf_a                                0x00000171   Thumb Code     0  _printf_a.o(.ARM.Collect$$_printf_percent$$00000006)
    _printf_ll                               0x0000017b   Thumb Code     0  _printf_ll.o(.ARM.Collect$$_printf_percent$$00000007)
    _printf_i                                0x00000185   Thumb Code     0  _printf_i.o(.ARM.Collect$$_printf_percent$$00000008)
    _printf_d                                0x0000018f   Thumb Code     0  _printf_d.o(.ARM.Collect$$_printf_percent$$00000009)
    _printf_u                                0x00000199   Thumb Code     0  _printf_u.o(.ARM.Collect$$_printf_percent$$0000000A)
    _printf_o                                0x000001a3   Thumb Code     0  _printf_o.o(.ARM.Collect$$_printf_percent$$0000000B)
    _printf_x                                0x000001ad   Thumb Code     0  _printf_x.o(.ARM.Collect$$_printf_percent$$0000000C)
    _printf_lli                              0x000001b7   Thumb Code     0  _printf_lli.o(.ARM.Collect$$_printf_percent$$0000000D)
    _printf_lld                              0x000001c1   Thumb Code     0  _printf_lld.o(.ARM.Collect$$_printf_percent$$0000000E)
    _printf_llu                              0x000001cb   Thumb Code     0  _printf_llu.o(.ARM.Collect$$_printf_percent$$0000000F)
    _printf_llo                              0x000001d5   Thumb Code     0  _printf_llo.o(.ARM.Collect$$_printf_percent$$00000010)
    _printf_llx                              0x000001df   Thumb Code     0  _printf_llx.o(.ARM.Collect$$_printf_percent$$00000011)
    _printf_l                                0x000001e9   Thumb Code     0  _printf_l.o(.ARM.Collect$$_printf_percent$$00000012)
    _printf_c                                0x000001f3   Thumb Code     0  _printf_c.o(.ARM.Collect$$_printf_percent$$00000013)
    _printf_s                                0x000001fd   Thumb Code     0  _printf_s.o(.ARM.Collect$$_printf_percent$$00000014)
    _printf_lc                               0x00000207   Thumb Code     0  _printf_lc.o(.ARM.Collect$$_printf_percent$$00000015)
    _printf_ls                               0x00000211   Thumb Code     0  _printf_ls.o(.ARM.Collect$$_printf_percent$$00000016)
    _printf_percent_end                      0x0000021b   Thumb Code     0  _printf_percent_end.o(.ARM.Collect$$_printf_percent$$00000017)
    __rt_lib_init                            0x0000021f   Thumb Code     0  libinit.o(.ARM.Collect$$libinit$$00000000)
    __rt_lib_init_fp_1                       0x00000221   Thumb Code     0  libinit2.o(.ARM.Collect$$libinit$$00000001)
    __rt_lib_init_heap_2                     0x00000225   Thumb Code     0  libinit2.o(.ARM.Collect$$libinit$$00000003)
    __rt_lib_init_heap_1                     0x0000022d   Thumb Code     0  libinit2.o(.ARM.Collect$$libinit$$00000008)
    __rt_lib_init_lc_common                  0x0000022d   Thumb Code     0  libinit2.o(.ARM.Collect$$libinit$$0000000D)
    __rt_lib_init_rand_1                     0x0000022d   Thumb Code     0  libinit2.o(.ARM.Collect$$libinit$$0000000C)
    __rt_lib_init_user_alloc_1               0x0000022d   Thumb Code     0  libinit2.o(.ARM.Collect$$libinit$$0000000A)
    __rt_lib_init_lc_collate_1               0x00000233   Thumb Code     0  libinit2.o(.ARM.Collect$$libinit$$0000000F)
    __rt_lib_init_lc_ctype_2                 0x00000233   Thumb Code     0  libinit2.o(.ARM.Collect$$libinit$$00000010)
    __rt_lib_init_lc_ctype_1                 0x0000023f   Thumb Code     0  libinit2.o(.ARM.Collect$$libinit$$00000011)
    __rt_lib_init_lc_monetary_1              0x0000023f   Thumb Code     0  libinit2.o(.ARM.Collect$$libinit$$00000013)
    __rt_lib_init_lc_numeric_2               0x0000023f   Thumb Code     0  libinit2.o(.ARM.Collect$$libinit$$00000014)
    __rt_lib_init_atexit_1                   0x00000249   Thumb Code     0  libinit2.o(.ARM.Collect$$libinit$$00000019)
    __rt_lib_init_clock_1                    0x00000249   Thumb Code     0  libinit2.o(.ARM.Collect$$libinit$$0000001F)
    __rt_lib_init_fp_trap_1                  0x00000249   Thumb Code     0  libinit2.o(.ARM.Collect$$libinit$$0000001D)
    __rt_lib_init_getenv_1                   0x00000249   Thumb Code     0  libinit2.o(.ARM.Collect$$libinit$$00000021)
    __rt_lib_init_lc_numeric_1               0x00000249   Thumb Code     0  libinit2.o(.ARM.Collect$$libinit$$00000015)
    __rt_lib_init_lc_time_1                  0x00000249   Thumb Code     0  libinit2.o(.ARM.Collect$$libinit$$00000017)
    __rt_lib_init_signal_1                   0x00000249   Thumb Code     0  libinit2.o(.ARM.Collect$$libinit$$0000001B)
    __rt_lib_init_stdio_2                    0x00000249   Thumb Code     0  libinit2.o(.ARM.Collect$$libinit$$00000022)
    __rt_lib_init_alloca_1                   0x0000024d   Thumb Code     0  libinit2.o(.ARM.Collect$$libinit$$0000002C)
    __rt_lib_init_argv_1                     0x0000024d   Thumb Code     0  libinit2.o(.ARM.Collect$$libinit$$0000002A)
    __rt_lib_init_cpp_2                      0x0000024d   Thumb Code     0  libinit2.o(.ARM.Collect$$libinit$$0000002F)
    __rt_lib_init_exceptions_1               0x0000024d   Thumb Code     0  libinit2.o(.ARM.Collect$$libinit$$0000002E)
    __rt_lib_init_stdio_1                    0x0000024d   Thumb Code     0  libinit2.o(.ARM.Collect$$libinit$$00000023)
    __rt_lib_init_cpp_1                      0x00000251   Thumb Code     0  libinit2.o(.ARM.Collect$$libinit$$00000030)
    __rt_lib_init_return                     0x00000251   Thumb Code     0  libinit2.o(.ARM.Collect$$libinit$$00000031)
    __rt_lib_shutdown_cpp_1                  0x00000253   Thumb Code     0  libshutdown2.o(.ARM.Collect$$libshutdown$$00000001)
    __rt_entry                               0x00000259   Thumb Code     0  rtentry.o(.ARM.Collect$$rtentry$$00000000)
    __rt_entry_presh_1                       0x00000259   Thumb Code     0  rtentry2.o(.ARM.Collect$$rtentry$$00000002)
    __rt_entry_sh                            0x00000259   Thumb Code     0  rtentry4.o(.ARM.Collect$$rtentry$$00000004)
    __rt_lib_shutdown_stdio_2                0x00000259   Thumb Code     0  libshutdown2.o(.ARM.Collect$$libshutdown$$00000003)
    __rt_entry_li                            0x0000025f   Thumb Code     0  rtentry2.o(.ARM.Collect$$rtentry$$0000000A)
    __rt_entry_postsh_1                      0x0000025f   Thumb Code     0  rtentry2.o(.ARM.Collect$$rtentry$$00000009)
    __rt_entry_main                          0x00000263   Thumb Code     0  rtentry2.o(.ARM.Collect$$rtentry$$0000000D)
    __rt_entry_postli_1                      0x00000263   Thumb Code     0  rtentry2.o(.ARM.Collect$$rtentry$$0000000C)
    __aeabi_memcpy4                          0x0000026d   Thumb Code    56  rt_memcpy.o(.emb_text)
    __aeabi_memcpy8                          0x0000026d   Thumb Code     0  rt_memcpy.o(.emb_text)
    Reset_Handler                            0x000002a5   Thumb Code     8  startup_MKL25Z4.o(.text)
    _maybe_terminate_alloc                   0x000002a5   Thumb Code     0  maybetermalloc1.o(.emb_text)
    NMI_Handler                              0x000002ad   Thumb Code     2  startup_MKL25Z4.o(.text)
    HardFault_Handler                        0x000002af   Thumb Code     2  startup_MKL25Z4.o(.text)
    SVC_Handler                              0x000002b1   Thumb Code     2  startup_MKL25Z4.o(.text)
    PendSV_Handler                           0x000002b3   Thumb Code     2  startup_MKL25Z4.o(.text)
    SysTick_Handler                          0x000002b5   Thumb Code     2  startup_MKL25Z4.o(.text)
    ADC0_IRQHandler                          0x000002b7   Thumb Code     0  startup_MKL25Z4.o(.text)
    CMP0_IRQHandler                          0x000002b7   Thumb Code     0  startup_MKL25Z4.o(.text)
    DAC0_IRQHandler                          0x000002b7   Thumb Code     0  startup_MKL25Z4.o(.text)
    DMA0_IRQHandler                          0x000002b7   Thumb Code     0  startup_MKL25Z4.o(.text)
    DMA1_IRQHandler                          0x000002b7   Thumb Code     0  startup_MKL25Z4.o(.text)
    DMA2_IRQHandler                          0x000002b7   Thumb Code     0  startup_MKL25Z4.o(.text)
    DMA3_IRQHandler                          0x000002b7   Thumb Code     0  startup_MKL25Z4.o(.text)
    DefaultISR                               0x000002b7   Thumb Code     0  startup_MKL25Z4.o(.text)
    FTFA_IRQHandler                          0x000002b7   Thumb Code     0  startup_MKL25Z4.o(.text)
    I2C0_IRQHandler                          0x000002b7   Thumb Code     0  startup_MKL25Z4.o(.text)
    I2C1_IRQHandler                          0x000002b7   Thumb Code     0  startup_MKL25Z4.o(.text)
    LLW_IRQHandler                           0x000002b7   Thumb Code     0  startup_MKL25Z4.o(.text)
    LPTimer_IRQHandler                       0x000002b7   Thumb Code     0  startup_MKL25Z4.o(.text)
    LVD_LVW_IRQHandler                       0x000002b7   Thumb Code     0  startup_MKL25Z4.o(.text)
    MCG_IRQHandler                           0x000002b7   Thumb Code     0  startup_MKL25Z4.o(.text)
    PIT_IRQHandler                           0x000002b7   Thumb Code     0  startup_MKL25Z4.o(.text)
    PORTA_IRQHandler                         0x000002b7   Thumb Code     0  startup_MKL25Z4.o(.text)
    PORTD_IRQHandler                         0x000002b7   Thumb Code     0  startup_MKL25Z4.o(.text)
    RTC_IRQHandler                           0x000002b7   Thumb Code     0  startup_MKL25Z4.o(.text)
    RTC_Seconds_IRQHandler                   0x000002b7   Thumb Code     0  startup_MKL25Z4.o(.text)
    Reserved20_IRQHandler                    0x000002b7   Thumb Code     0  startup_MKL25Z4.o(.text)
    Reserved39_IRQHandler                    0x000002b7   Thumb Code     0  startup_MKL25Z4.o(.text)
    Reserved45_IRQHandler                    0x000002b7   Thumb Code     0  startup_MKL25Z4.o(.text)
    SPI0_IRQHandler                          0x000002b7   Thumb Code     0  startup_MKL25Z4.o(.text)
    SPI1_IRQHandler                          0x000002b7   Thumb Code     0  startup_MKL25Z4.o(.text)
    TPM0_IRQHandler                          0x000002b7   Thumb Code     0  startup_MKL25Z4.o(.text)
    TPM1_IRQHandler                          0x000002b7   Thumb Code     0  startup_MKL25Z4.o(.text)
    TPM2_IRQHandler                          0x000002b7   Thumb Code     0  startup_MKL25Z4.o(.text)
    TSI0_IRQHandler                          0x000002b7   Thumb Code     0  startup_MKL25Z4.o(.text)
    UART0_IRQHandler                         0x000002b7   Thumb Code     0  startup_MKL25Z4.o(.text)
    UART1_IRQHandler                         0x000002b7   Thumb Code     0  startup_MKL25Z4.o(.text)
    UART2_IRQHandler                         0x000002b7   Thumb Code     0  startup_MKL25Z4.o(.text)
    USB0_IRQHandler                          0x000002b7   Thumb Code     0  startup_MKL25Z4.o(.text)
    __c89vfprintf                            0x000002c1   Thumb Code    14  c89vfprintf.o(.text)
    __2fprintf                               0x000002cf   Thumb Code    22  __2fprintf.o(.text)
    __2sprintf                               0x000002e5   Thumb Code    40  __2sprintf.o(.text)
    _printf_int_dec                          0x00000311   Thumb Code    90  _printf_dec.o(.text)
    __0sscanf                                0x0000037d   Thumb Code    54  __0sscanf.o(.text)
    setbuf                                   0x000003bd   Thumb Code    26  setbuf.o(.text)
    __cpp_initialize__aeabi_                 0x000003d9   Thumb Code    26  init_aeabi.o(.text)
    __use_no_heap                            0x000003fd   Thumb Code     2  hguard.o(.text)
    __heap$guard                             0x000003ff   Thumb Code     2  hguard.o(.text)
    timer_isr()                              0x00000411   Thumb Code   516  main.o(.text)
    sendDataToProcessing(char, short)        0x00000615   Thumb Code    26  main.o(.text)
    $Super$$main                             0x0000062f   Thumb Code   100  main.o(.text)
    _printf_longlong_hex                     0x0000076d   Thumb Code    88  _printf_hex_int_ll_ptr.o(.text)
    _printf_int_hex                          0x000007c5   Thumb Code    28  _printf_hex_int_ll_ptr.o(.text)
    _printf_ll_hex                           0x000007e1   Thumb Code    10  _printf_hex_int_ll_ptr.o(.text)
    _printf_hex_ptr                          0x000007eb   Thumb Code    22  _printf_hex_int_ll_ptr.o(.text)
    __printf                                 0x00000805   Thumb Code   386  __printf_flags_ss_wp.o(.text)
    _scanf_int                               0x0000098d   Thumb Code   330  _scanf_int.o(.text)
    _do_fflush                               0x00000ad9   Thumb Code    54  fflush.o(.text)
    fflush                                   0x00000b0f   Thumb Code    46  fflush.o(.text)
    freopen                                  0x00000b41   Thumb Code   148  fopen.o(.text)
    fopen                                    0x00000bd5   Thumb Code    76  fopen.o(.text)
    _fclose_internal                         0x00000c29   Thumb Code    72  fclose.o(.text)
    fclose                                   0x00000c29   Thumb Code     0  fclose.o(.text)
    strlen                                   0x00000c75   Thumb Code    62  strlen.o(.text)
    strncmp                                  0x00000cb9   Thumb Code   154  strncmp.o(.text)
    __aeabi_memmove4                         0x00000d59   Thumb Code    70  rt_memmove.o(.text)
    __aeabi_memmove8                         0x00000d59   Thumb Code     0  rt_memmove.o(.text)
    __aeabi_memmove                          0x00000d9f   Thumb Code    80  rt_memmove.o(.text)
    __rt_memmove                             0x00000d9f   Thumb Code     0  rt_memmove.o(.text)
    strcmp                                   0x00000df1   Thumb Code   132  strcmp.o(.text)
    __aeabi_uidiv                            0x00000e79   Thumb Code     0  aeabi_sdivfast.o(.text)
    __aeabi_uidivmod                         0x00000e79   Thumb Code    28  aeabi_sdivfast.o(.text)
    __aeabi_idiv                             0x00000e95   Thumb Code     0  aeabi_sdivfast.o(.text)
    __aeabi_idivmod                          0x00000e95   Thumb Code   460  aeabi_sdivfast.o(.text)
    __aeabi_f2iz                             0x00001061   Thumb Code     0  ffixi.o(.text)
    _ffix                                    0x00001061   Thumb Code    76  ffixi.o(.text)
    __rt_ddtor_pointer_addr                  0x000010ad   Thumb Code     8  rt_ddtor_pointer_addr.o(.text)
    malloc                                   0x000010b5   Thumb Code    98  h1_alloc.o(.text)
    free                                     0x00001117   Thumb Code    76  h1_free.o(.text)
    _printf_pre_padding                      0x00001163   Thumb Code    44  _printf_pad.o(.text)
    _printf_post_padding                     0x0000118f   Thumb Code    34  _printf_pad.o(.text)
    _printf_truncate_signed                  0x000011b1   Thumb Code    18  _printf_truncate.o(.text)
    _printf_truncate_unsigned                0x000011c3   Thumb Code    18  _printf_truncate.o(.text)
    _printf_str                              0x000011d5   Thumb Code    82  _printf_str.o(.text)
    _printf_int_common                       0x00001227   Thumb Code   176  _printf_intcommon.o(.text)
    _printf_charcount                        0x000012d7   Thumb Code    40  _printf_charcount.o(.text)
    _printf_char_common                      0x0000130b   Thumb Code    32  _printf_char_common.o(.text)
    _sputc                                   0x00001331   Thumb Code    10  _sputc.o(.text)
    _printf_char_file                        0x0000133d   Thumb Code    34  _printf_char_file.o(.text)
    _printf_wctomb                           0x00001365   Thumb Code   182  _printf_wctomb.o(.text)
    _printf_longlong_dec                     0x00001421   Thumb Code    94  _printf_longlong_dec.o(.text)
    _printf_longlong_oct                     0x00001491   Thumb Code    68  _printf_oct_int_ll.o(.text)
    _printf_int_oct                          0x000014d5   Thumb Code    24  _printf_oct_int_ll.o(.text)
    _printf_ll_oct                           0x000014ed   Thumb Code    10  _printf_oct_int_ll.o(.text)
    _chval                                   0x00001501   Thumb Code    30  _chval.o(.text)
    __vfscanf_char                           0x0000152d   Thumb Code    28  scanf_char.o(.text)
    _sgetc                                   0x00001551   Thumb Code    32  _sgetc.o(.text)
    _sbackspace                              0x00001571   Thumb Code    36  _sgetc.o(.text)
    ferror                                   0x00001595   Thumb Code     8  ferror.o(.text)
    __flsbuf                                 0x0000159d   Thumb Code   486  flsbuf.o(.text)
    __flsbuf_byte                            0x0000159d   Thumb Code     0  flsbuf.o(.text)
    __flsbuf_wide                            0x0000159d   Thumb Code     0  flsbuf.o(.text)
    _fseek                                   0x0000178d   Thumb Code   240  fseek.o(.text)
    fseek                                    0x0000178d   Thumb Code     0  fseek.o(.text)
    setvbuf                                  0x00001881   Thumb Code    72  setvbuf.o(.text)
    _seterr                                  0x000018cd   Thumb Code    20  stdio.o(.text)
    _writebuf                                0x000018e1   Thumb Code    76  stdio.o(.text)
    _fflush                                  0x0000192d   Thumb Code    76  stdio.o(.text)
    _deferredlazyseek                        0x00001979   Thumb Code    60  stdio.o(.text)
    _initio                                  0x000019bd   Thumb Code   216  initio.o(.text)
    _terminateio                             0x00001a95   Thumb Code    56  initio.o(.text)
    __rt_SIGPVFN                             0x00001af9   Thumb Code    12  defsig_pvfn_outer.o(.text)
    __aeabi_memcpy                           0x00001b05   Thumb Code   130  rt_memcpy.o(.text)
    __rt_memcpy                              0x00001b05   Thumb Code     0  rt_memcpy.o(.text)
    _memset_w                                0x00001b87   Thumb Code    26  rt_memclr.o(.text)
    _memset                                  0x00001ba1   Thumb Code    30  rt_memclr.o(.text)
    __aeabi_memclr                           0x00001bbf   Thumb Code     4  rt_memclr.o(.text)
    __rt_memclr                              0x00001bbf   Thumb Code     0  rt_memclr.o(.text)
    __aeabi_memclr4                          0x00001bc3   Thumb Code     0  rt_memclr.o(.text)
    __aeabi_memclr8                          0x00001bc3   Thumb Code     0  rt_memclr.o(.text)
    __rt_memclr_w                            0x00001bc3   Thumb Code     4  rt_memclr.o(.text)
    __rt_udiv10                              0x00001bc7   Thumb Code    40  rtudiv10.o(.text)
    __rt_heap_descriptor                     0x00001bf1   Thumb Code     8  rt_heap_descriptor.o(.text)
    _terminate_user_alloc                    0x00001bf9   Thumb Code     2  init_alloc.o(.text)
    _init_user_alloc                         0x00001bfb   Thumb Code     2  init_alloc.o(.text)
    __Heap_Full                              0x00001bfd   Thumb Code    32  init_alloc.o(.text)
    __Heap_Broken                            0x00001c1d   Thumb Code    10  init_alloc.o(.text)
    _init_alloc                              0x00001c27   Thumb Code    90  init_alloc.o(.text)
    __Heap_Initialize                        0x00001c81   Thumb Code    10  h1_init.o(.text)
    __Heap_DescSize                          0x00001c8b   Thumb Code     4  h1_init.o(.text)
    _ll_udiv10                               0x00001c8f   Thumb Code   122  lludiv10.o(.text)
    isspace                                  0x00001d09   Thumb Code    18  isspace.o(.text)
    __lib_sel_fp_printf                      0x00001d1d   Thumb Code     2  _printf_fp_dec.o(.text)
    _printf_fp_dec_real                      0x00001ebb   Thumb Code   618  _printf_fp_dec.o(.text)
    _printf_cs_common                        0x00002131   Thumb Code    22  _printf_char.o(.text)
    _printf_char                             0x00002147   Thumb Code    16  _printf_char.o(.text)
    _printf_string                           0x00002157   Thumb Code     8  _printf_char.o(.text)
    _printf_lcs_common                       0x0000215f   Thumb Code    22  _printf_wchar.o(.text)
    _printf_wchar                            0x00002175   Thumb Code    16  _printf_wchar.o(.text)
    _printf_wstring                          0x00002185   Thumb Code     8  _printf_wchar.o(.text)
    __vfscanf                                0x0000218d   Thumb Code   892  _scanf.o(.text)
    _ftell_internal                          0x00002519   Thumb Code    66  ftell.o(.text)
    ftell                                    0x00002519   Thumb Code     0  ftell.o(.text)
    _wcrtomb                                 0x0000255b   Thumb Code    68  _wcrtomb.o(.text)
    __sig_exit                               0x0000259f   Thumb Code    12  defsig_exit.o(.text)
    __rt_SIGRTRED                            0x000025ab   Thumb Code    12  defsig_rtred_outer.o(.text)
    __rt_SIGPVFN_inner                       0x000025b9   Thumb Code    14  defsig_pvfn_inner.o(.text)
    _sys_exit                                0x000025e9   Thumb Code     8  sys_exit.o(.text)
    __rt_ctype_table                         0x000025f5   Thumb Code    16  rt_ctype_table.o(.text)
    __rt_locale                              0x00002605   Thumb Code     8  rt_locale.o(.text)
    __aeabi_errno_addr                       0x0000260d   Thumb Code     8  rt_errno_addr.o(.text)
    __errno                                  0x0000260d   Thumb Code     0  rt_errno_addr.o(.text)
    __rt_errno_addr                          0x0000260d   Thumb Code     0  rt_errno_addr.o(.text)
    __Heap_ProvideMemory                     0x00002615   Thumb Code    52  h1_extend.o(.text)
    _printf_fp_infnan                        0x00002649   Thumb Code   120  _printf_fp_infnan.o(.text)
    _btod_etento                             0x000026d1   Thumb Code   200  bigflt0.o(.text)
    _btod_d2e                                0x0000279d   Thumb Code    64  btod.o(.text)
    _btod_emul                               0x00002b93   Thumb Code    24  btod.o(.text)
    _btod_emuld                              0x00002bab   Thumb Code    60  btod.o(.text)
    _btod_ediv                               0x00002be7   Thumb Code    22  btod.o(.text)
    _btod_edivd                              0x00002bfd   Thumb Code    60  btod.o(.text)
    __default_signal_display                 0x00002c45   Thumb Code    52  defsig_general.o(.text)
    __rt_SIGRTRED_inner                      0x00002c79   Thumb Code    14  defsig_rtred_inner.o(.text)
    __rt_SIGRTMEM                            0x00002cad   Thumb Code    12  defsig_rtmem_outer.o(.text)
    __rt_heap_escrow                         0x00002cb9   Thumb Code    24  heapauxa.o(.text)
    __rt_heap_expand                         0x00002cd1   Thumb Code    52  heapauxa.o(.text)
    _ttywrch                                 0x00002d09   Thumb Code    12  sys_wrch.o(.text)
    __I$use$semihosting                      0x00002d15   Thumb Code     0  use_no_semi.o(.text)
    __use_no_semihosting_swi                 0x00002d15   Thumb Code     2  use_no_semi.o(.text)
    __semihosting_library_function           0x00002d17   Thumb Code     0  indicate_semi.o(.text)
    __rt_SIGRTMEM_inner                      0x00002d19   Thumb Code    22  defsig_rtmem_inner.o(.text)
    main                                     0x00002d69   Thumb Code    16  retarget.o(i.$Sub$$main)
    NVIC_SetVector                           0x00002d85   Thumb Code    80  cmsis_nvic.o(i.NVIC_SetVector)
    SystemInit                               0x00002ddd   Thumb Code   120  system_MKL25Z4.o(i.SystemInit)
    mbed::DigitalOut::DigitalOut(PinName)    0x00002e75   Thumb Code    20  main.o(i._ZN4mbed10DigitalOutC1E7PinName)
    mbed::DigitalOut::DigitalOut__sub_object(PinName) 0x00002e75   Thumb Code     0  main.o(i._ZN4mbed10DigitalOutC1E7PinName)
    mbed::DigitalOut::operator =(int)        0x00002e89   Thumb Code    30  main.o(i._ZN4mbed10DigitalOutaSEi)
    mbed::FileHandle::flen()                 0x00002ea7   Thumb Code    58  retarget.o(i._ZN4mbed10FileHandle4flenEv)
    mbed::FileHandle::~FileHandle()          0x00002ee1   Thumb Code     0  retarget.o(i._ZN4mbed10FileHandleD2Ev)
    mbed::FileHandle::~FileHandle__sub_object() 0x00002ee1   Thumb Code    34  retarget.o(i._ZN4mbed10FileHandleD2Ev)
    mbed::SerialBase::_base_putc(int)        0x00002f0d   Thumb Code    12  SerialBase.o(i._ZN4mbed10SerialBase10_base_putcEi)
    mbed::SerialBase::_irq_handler(unsigned, SerialIrq) 0x00002f19   Thumb Code    16  SerialBase.o(i._ZN4mbed10SerialBase12_irq_handlerEj9SerialIrq)
    mbed::SerialBase::baud(int)              0x00002f29   Thumb Code    14  SerialBase.o(i._ZN4mbed10SerialBase4baudEi)
    mbed::SerialBase::SerialBase(PinName, PinName) 0x00002f39   Thumb Code    52  SerialBase.o(i._ZN4mbed10SerialBaseC1E7PinNameS1_)
    mbed::SerialBase::SerialBase__sub_object(PinName, PinName) 0x00002f39   Thumb Code     0  SerialBase.o(i._ZN4mbed10SerialBaseC1E7PinNameS1_)
    mbed::TimerEvent::irq(unsigned)          0x00002f75   Thumb Code     6  TimerEvent.o(i._ZN4mbed10TimerEvent3irqEj)
    mbed::TimerEvent::insert(unsigned)       0x00002f7b   Thumb Code    12  TimerEvent.o(i._ZN4mbed10TimerEvent6insertEj)
    mbed::TimerEvent::remove()               0x00002f87   Thumb Code    10  TimerEvent.o(i._ZN4mbed10TimerEvent6removeEv)
    mbed::TimerEvent::TimerEvent__sub_object() 0x00002f91   Thumb Code    18  TimerEvent.o(i._ZN4mbed10TimerEventC2Ev)
    mbed::TimerEvent::~TimerEvent()          0x00002fad   Thumb Code     0  TimerEvent.o(i._ZN4mbed10TimerEventD2Ev)
    mbed::TimerEvent::~TimerEvent__sub_object() 0x00002fad   Thumb Code    18  TimerEvent.o(i._ZN4mbed10TimerEventD2Ev)
    mbed::FunctionPointer::call()            0x00002fc5   Thumb Code    26  FunctionPointer.o(i._ZN4mbed15FunctionPointer4callEv)
    mbed::FunctionPointer::attach(void(*)()) 0x00002fdf   Thumb Code     8  FunctionPointer.o(i._ZN4mbed15FunctionPointer6attachEPFvvE)
    mbed::FunctionPointer::FunctionPointer(void(*)()) 0x00002fe7   Thumb Code     8  FunctionPointer.o(i._ZN4mbed15FunctionPointerC1EPFvvE)
    mbed::FunctionPointer::FunctionPointer__sub_object(void(*)()) 0x00002fe7   Thumb Code     0  FunctionPointer.o(i._ZN4mbed15FunctionPointerC1EPFvvE)
    mbed::Serial::_putc(int)                 0x00002fef   Thumb Code    10  Serial.o(i._ZN4mbed6Serial5_putcEi)
    mbed::Serial::Serial(PinName, PinName, const char*) 0x00002ff9   Thumb Code    28  Serial.o(i._ZN4mbed6SerialC1E7PinNameS1_PKc)
    mbed::Serial::Serial__sub_object(PinName, PinName, const char*) 0x00002ff9   Thumb Code     0  Serial.o(i._ZN4mbed6SerialC1E7PinNameS1_PKc)
    mbed::Serial::~Serial()                  0x0000301d   Thumb Code     8  Serial.o(i._ZN4mbed6SerialD1Ev)
    mbed::Serial::~Serial__sub_object()      0x0000301d   Thumb Code     0  Serial.o(i._ZN4mbed6SerialD1Ev)
    mbed::Stream::flen()                     0x00003025   Thumb Code     4  Stream.o(i._ZN4mbed6Stream4flenEv)
    mbed::Stream::putc(int)                  0x00003029   Thumb Code    22  Stream.o(i._ZN4mbed6Stream4putcEi)
    mbed::Stream::close()                    0x0000303f   Thumb Code     4  Stream.o(i._ZN4mbed6Stream5closeEv)
    mbed::Stream::lseek(long, int)           0x00003043   Thumb Code     4  Stream.o(i._ZN4mbed6Stream5lseekEli)
    mbed::Stream::write(const void*, unsigned) 0x00003047   Thumb Code    38  Stream.o(i._ZN4mbed6Stream5writeEPKvj)
    mbed::Stream::isatty()                   0x0000306d   Thumb Code     4  Stream.o(i._ZN4mbed6Stream6isattyEv)
    mbed::Stream::printf(const char*, ...)   0x00003071   Thumb Code    32  Stream.o(i._ZN4mbed6Stream6printfEPKcz)
    mbed::Stream::Stream__sub_object(const char*) 0x00003091   Thumb Code    50  Stream.o(i._ZN4mbed6StreamC2EPKc)
    mbed::Stream::~Stream()                  0x000030d5   Thumb Code     0  Stream.o(i._ZN4mbed6StreamD2Ev)
    mbed::Stream::~Stream__sub_object()      0x000030d5   Thumb Code    26  Stream.o(i._ZN4mbed6StreamD2Ev)
    mbed::Ticker::setup(unsigned)            0x000030f9   Thumb Code    28  Ticker.o(i._ZN4mbed6Ticker5setupEj)
    mbed::Ticker::handler()                  0x00003115   Thumb Code    26  Ticker.o(i._ZN4mbed6Ticker7handlerEv)
    mbed::Ticker::~Ticker()                  0x0000312f   Thumb Code     8  Ticker.o(i._ZN4mbed6TickerD1Ev)
    mbed::Ticker::~Ticker__sub_object()      0x0000312f   Thumb Code     0  Ticker.o(i._ZN4mbed6TickerD1Ev)
    mbed::FileBase::getPathType()            0x00003137   Thumb Code     4  FileBase.o(i._ZN4mbed8FileBase11getPathTypeEv)
    mbed::FileBase::lookup(const char*, unsigned) 0x0000313d   Thumb Code    56  FileBase.o(i._ZN4mbed8FileBase6lookupEPKcj)
    mbed::FileBase::FileBase(const char*, mbed::PathType) 0x00003179   Thumb Code    28  FileBase.o(i._ZN4mbed8FileBaseC1EPKcNS_8PathTypeE)
    mbed::FileBase::FileBase__sub_object(const char*, mbed::PathType) 0x00003179   Thumb Code     0  FileBase.o(i._ZN4mbed8FileBaseC1EPKcNS_8PathTypeE)
    mbed::FileBase::~FileBase()              0x0000319d   Thumb Code    44  FileBase.o(i._ZN4mbed8FileBaseD1Ev)
    mbed::FileBase::~FileBase__sub_object()  0x0000319d   Thumb Code     0  FileBase.o(i._ZN4mbed8FileBaseD1Ev)
    mbed::FileLike::FileLike__sub_object(const char*) 0x000031d1   Thumb Code    24  FileLike.o(i._ZN4mbed8FileLikeC2EPKc)
    mbed::FileLike::~FileLike()              0x000031f5   Thumb Code     0  FileLike.o(i._ZN4mbed8FileLikeD2Ev)
    mbed::FileLike::~FileLike__sub_object()  0x000031f5   Thumb Code    16  FileLike.o(i._ZN4mbed8FileLikeD2Ev)
    mbed::FilePath::fileSystem()             0x00003205   Thumb Code    26  FilePath.o(i._ZN4mbed8FilePath10fileSystemEv)
    mbed::FilePath::file()                   0x0000321f   Thumb Code    32  FilePath.o(i._ZN4mbed8FilePath4fileEv)
    mbed::FilePath::exists()                 0x0000323f   Thumb Code    10  FilePath.o(i._ZN4mbed8FilePath6existsEv)
    mbed::FilePath::isFile()                 0x00003249   Thumb Code    24  FilePath.o(i._ZN4mbed8FilePath6isFileEv)
    mbed::FilePath::fileName()               0x00003261   Thumb Code     4  FilePath.o(i._ZN4mbed8FilePath8fileNameEv)
    mbed::FilePath::FilePath(const char*)    0x00003265   Thumb Code    68  FilePath.o(i._ZN4mbed8FilePathC1EPKc)
    mbed::FilePath::FilePath__sub_object(const char*) 0x00003265   Thumb Code     0  FilePath.o(i._ZN4mbed8FilePathC1EPKc)
    __ARM_common_ll_muluu                    0x000032a9   Thumb Code    48  btod.o(i.__ARM_common_ll_muluu)
    __ARM_fpclassify                         0x000032d9   Thumb Code    38  fpclassify.o(i.__ARM_fpclassify)
    __aeabi_atexit                           0x00003305   Thumb Code    44  aeabi_atexit.o(i.__aeabi_atexit)
    __aeabi_vec_ctor_nocookie_nodtor         0x00003331   Thumb Code    32  aeabi_vec_ctor_nocookie_nodtor.o(i.__aeabi_vec_ctor_nocookie_nodtor)
    __cxa_finalize                           0x00003351   Thumb Code    66  cxa_finalize.o(i.__cxa_finalize)
    __cxa_pure_virtual                       0x00003393   Thumb Code    10  pure_virt.o(i.__cxa_pure_virtual)
    __user_setup_stackheap                   0x0000339d   Thumb Code    10  sys.o(i.__user_setup_stackheap)
    _is_digit                                0x000033ad   Thumb Code    14  __printf_wp.o(i._is_digit)
    _sys_close                               0x000033bd   Thumb Code    38  retarget.o(i._sys_close)
    _sys_flen                                0x000033e9   Thumb Code    34  retarget.o(i._sys_flen)
    _sys_istty                               0x00003411   Thumb Code    34  retarget.o(i._sys_istty)
    _sys_open                                0x00003439   Thumb Code   290  retarget.o(i._sys_open)
    _sys_seek                                0x00003579   Thumb Code    36  retarget.o(i._sys_seek)
    _sys_write                               0x000035a1   Thumb Code    84  retarget.o(i._sys_write)
    analogin_init                            0x00003601   Thumb Code   164  analogin_api.o(i.analogin_init)
    analogin_read_u16                        0x000036d9   Thumb Code    22  analogin_api.o(i.analogin_read_u16)
    exit                                     0x000036f5   Thumb Code    24  exit.o(i.exit)
    fputc                                    0x0000370d   Thumb Code    30  fputc.o(i.fputc)
    gpio_init                                0x0000372d   Thumb Code   102  gpio_api.o(i.gpio_init)
    mbed_die                                 0x000037f9   Thumb Code    40  board.o(i.mbed_die)
    mbed_interface_connected                 0x00003825   Thumb Code     8  mbed_interface.o(i.mbed_interface_connected)
    mbed_main                                0x0000382d   Thumb Code     2  retarget.o(i.mbed_main)
    mbed_sdk_init                            0x0000382f   Thumb Code     2  retarget.o(i.mbed_sdk_init)
    pin_function                             0x00003831   Thumb Code    58  pinmap.o(i.pin_function)
    pin_mode                                 0x00003875   Thumb Code    20  pinmap.o(i.pin_mode)
    pinmap_merge                             0x0000388d   Thumb Code    34  pinmap_common.o(i.pinmap_merge)
    pinmap_peripheral                        0x000038c9   Thumb Code    62  pinmap_common.o(i.pinmap_peripheral)
    pinmap_pinout                            0x0000392d   Thumb Code    66  pinmap_common.o(i.pinmap_pinout)
    semihost_connected                       0x00003989   Thumb Code     6  semihost_api.o(i.semihost_connected)
    semihost_exit                            0x00003995   Thumb Code    12  semihost_api.o(i.semihost_exit)
    serial_baud                              0x000039a1   Thumb Code   352  serial_api.o(i.serial_baud)
    serial_format                            0x00003b21   Thumb Code   142  serial_api.o(i.serial_format)
    serial_init                              0x00003bc1   Thumb Code   294  serial_api.o(i.serial_init)
    serial_irq_handler                       0x00003d39   Thumb Code    14  serial_api.o(i.serial_irq_handler)
    serial_putc                              0x00003d51   Thumb Code    36  serial_api.o(i.serial_putc)
    us_ticker_clear_interrupt                0x00003d75   Thumb Code     2  us_ticker.o(i.us_ticker_clear_interrupt)
    us_ticker_disable_interrupt              0x00003d79   Thumb Code    12  us_ticker.o(i.us_ticker_disable_interrupt)
    us_ticker_init                           0x00003d89   Thumb Code   392  us_ticker.o(i.us_ticker_init)
    us_ticker_insert_event                   0x00003f49   Thumb Code    58  us_ticker_api.o(i.us_ticker_insert_event)
    us_ticker_irq_handler                    0x00003f89   Thumb Code    58  us_ticker_api.o(i.us_ticker_irq_handler)
    us_ticker_read                           0x00003fc9   Thumb Code    22  us_ticker.o(i.us_ticker_read)
    us_ticker_remove_event                   0x00003fe9   Thumb Code    52  us_ticker_api.o(i.us_ticker_remove_event)
    us_ticker_set_handler                    0x00004021   Thumb Code    14  us_ticker_api.o(i.us_ticker_set_handler)
    us_ticker_set_interrupt                  0x00004035   Thumb Code    98  us_ticker.o(i.us_ticker_set_interrupt)
    wait                                     0x000040a9   Thumb Code    32  wait_api.o(i.wait)
    wait_ms                                  0x000040cd   Thumb Code    28  wait_api.o(i.wait_ms)
    _get_lc_numeric                          0x000040e9   Thumb Code    44  lc_numeric_c.o(locale$$code)
    _get_lc_ctype                            0x00004115   Thumb Code    44  lc_ctype_c.o(locale$$code)
    __aeabi_fmul                             0x00004141   Thumb Code     0  fmul.o(x$fpl$fmul)
    _fmul                                    0x00004141   Thumb Code   172  fmul.o(x$fpl$fmul)
    _printf_fp_dec                           0x000041f1   Thumb Code    16  printf1.o(x$fpl$printf1)
    __I$use$fp                               0x00004200   Number         0  usenofp.o(x$fpl$usenofp)
    __stdin_name                             0x00004200   Data           7  retarget.o(.constdata)
    __stdout_name                            0x00004207   Data           8  retarget.o(.constdata)
    __stderr_name                            0x0000420f   Data           8  retarget.o(.constdata)
    PinMap_ADC                               0x00004294   Data         204  PeripheralPins.o(.constdata)
    PinMap_UART_TX                           0x00004360   Data         108  PeripheralPins.o(.constdata)
    PinMap_UART_RX                           0x000043cc   Data         108  PeripheralPins.o(.constdata)
    vtable for mbed::FileHandle              0x00004510   Data          44  retarget.o(.constdata__ZTVN4mbed10FileHandleE)
    vtable for mbed::TimerEvent              0x0000453c   Data          20  TimerEvent.o(.constdata__ZTVN4mbed10TimerEventE)
    vtable for mbed::Serial                  0x00004550   Data          68  Serial.o(.constdata__ZTVN4mbed6SerialE)
    vtable for mbed::Stream                  0x00004594   Data          68  Stream.o(.constdata__ZTVN4mbed6StreamE)
    vtable for mbed::Ticker                  0x000045d8   Data          20  Ticker.o(.constdata__ZTVN4mbed6TickerE)
    vtable for mbed::FileBase                0x000045ec   Data          16  FileBase.o(.constdata__ZTVN4mbed8FileBaseE)
    vtable for mbed::FileLike                0x000045fc   Data          60  FileLike.o(.constdata__ZTVN4mbed8FileLikeE)
    Region$$Table$$Base                      0x00004638   Number         0  anon$$obj.o(Region$$Table)
    Region$$Table$$Limit                     0x00004658   Number         0  anon$$obj.o(Region$$Table)
    __ctype                                  0x00004681   Data           0  lc_ctype_c.o(locale$$data)
    SHT$$INIT_ARRAY$$Base                    0x00004784   Number         0  main.o(.init_array)
    SHT$$INIT_ARRAY$$Limit                   0x00004788   Number         0  main.o(.init_array)
    IBI                                      0x1ffff0c0   Data           2  main.o(.data)
    Pulse                                    0x1ffff0c2   Data           1  main.o(.data)
    QS                                       0x1ffff0c3   Data           1  main.o(.data)
    sampleCounter                            0x1ffff0c4   Data           4  main.o(.data)
    lastBeatTime                             0x1ffff0c8   Data           4  main.o(.data)
    P                                        0x1ffff0cc   Data           2  main.o(.data)
    T                                        0x1ffff0ce   Data           2  main.o(.data)
    thresh                                   0x1ffff0d0   Data           2  main.o(.data)
    amp                                      0x1ffff0d2   Data           2  main.o(.data)
    firstBeat                                0x1ffff0d4   Data           1  main.o(.data)
    secondBeat                               0x1ffff0d5   Data           1  main.o(.data)
    pulsepin                                 0x1ffff0d6   Data           1  main.o(.data)
    BPM                                      0x1ffff0d8   Data           2  main.o(.data)
    Signal                                   0x1ffff0da   Data           2  main.o(.data)
    SystemCoreClock                          0x1ffff0dc   Data           4  system_MKL25Z4.o(.data)
    stdio_uart_inited                        0x1ffff0e0   Data           4  serial_api.o(.data)
    stdio_uart                               0x1ffff0e8   Data           8  serial_api.o(.data)
    mbed::FileBase::_head                    0x1ffff104   Data           4  FileBase.o(.data)
    __aeabi_stdin                            0x1ffff10c   Data           4  stdio_streams.o(.data)
    __aeabi_stdout                           0x1ffff110   Data           4  stdio_streams.o(.data)
    __aeabi_stderr                           0x1ffff114   Data           4  stdio_streams.o(.data)
    tick                                     0x1ffff11c   Data          48  main.o(.bss)
    led1                                     0x1ffff14c   Data          24  main.o(.bss)
    led2                                     0x1ffff164   Data          24  main.o(.bss)
    pc                                       0x1ffff17c   Data          92  main.o(.bss)
    rate                                     0x1ffff1d8   Data          20  main.o(.bss)
    __stdin                                  0x1ffff238   Data          84  stdio_streams.o(.bss)
    __stdout                                 0x1ffff28c   Data          84  stdio_streams.o(.bss)
    __stderr                                 0x1ffff2e0   Data          84  stdio_streams.o(.bss)
    Image$$RW_IRAM1$$ZI$$Limit               0x1ffff354   Number         0  rt_errno_addr.o(.bss)



==============================================================================

Memory Map of the image

  Image Entry point : 0x000000c1

  Load Region LR_IROM1 (Base: 0x00000000, Size: 0x000047e4, Max: 0x00020000, ABSOLUTE)

    Execution Region ER_IROM1 (Base: 0x00000000, Size: 0x00004788, Max: 0x00020000, ABSOLUTE)

    Base Addr    Size         Type   Attr      Idx    E Section Name        Object

    0x00000000   0x000000c0   Data   RO          301    RESET               startup_MKL25Z4.o
    0x000000c0   0x00000008   Code   RO         1041  * !!!main             c_p.l(__main.o)
    0x000000c8   0x0000003c   Code   RO         1771    !!!scatter          c_p.l(__scatter.o)
    0x00000104   0x0000001a   Code   RO         1773    !!handler_copy      c_p.l(__scatter_copy.o)
    0x0000011e   0x00000002   PAD
    0x00000120   0x0000001c   Code   RO         1775    !!handler_zi        c_p.l(__scatter_zi.o)
    0x0000013c   0x00000002   Code   RO          981    .ARM.Collect$$_printf_percent$$00000000  c_p.l(_printf_percent.o)
    0x0000013e   0x0000000a   Code   RO         1279    .ARM.Collect$$_printf_percent$$00000001  c_p.l(_printf_n.o)
    0x00000148   0x0000000a   Code   RO          979    .ARM.Collect$$_printf_percent$$00000002  c_p.l(_printf_p.o)
    0x00000152   0x0000000a   Code   RO         1284    .ARM.Collect$$_printf_percent$$00000003  c_p.l(_printf_f.o)
    0x0000015c   0x0000000a   Code   RO         1285    .ARM.Collect$$_printf_percent$$00000004  c_p.l(_printf_e.o)
    0x00000166   0x0000000a   Code   RO         1286    .ARM.Collect$$_printf_percent$$00000005  c_p.l(_printf_g.o)
    0x00000170   0x0000000a   Code   RO         1287    .ARM.Collect$$_printf_percent$$00000006  c_p.l(_printf_a.o)
    0x0000017a   0x0000000a   Code   RO         1292    .ARM.Collect$$_printf_percent$$00000007  c_p.l(_printf_ll.o)
    0x00000184   0x0000000a   Code   RO         1282    .ARM.Collect$$_printf_percent$$00000008  c_p.l(_printf_i.o)
    0x0000018e   0x0000000a   Code   RO          980    .ARM.Collect$$_printf_percent$$00000009  c_p.l(_printf_d.o)
    0x00000198   0x0000000a   Code   RO         1283    .ARM.Collect$$_printf_percent$$0000000A  c_p.l(_printf_u.o)
    0x000001a2   0x0000000a   Code   RO         1281    .ARM.Collect$$_printf_percent$$0000000B  c_p.l(_printf_o.o)
    0x000001ac   0x0000000a   Code   RO         1280    .ARM.Collect$$_printf_percent$$0000000C  c_p.l(_printf_x.o)
    0x000001b6   0x0000000a   Code   RO         1289    .ARM.Collect$$_printf_percent$$0000000D  c_p.l(_printf_lli.o)
    0x000001c0   0x0000000a   Code   RO         1290    .ARM.Collect$$_printf_percent$$0000000E  c_p.l(_printf_lld.o)
    0x000001ca   0x0000000a   Code   RO         1291    .ARM.Collect$$_printf_percent$$0000000F  c_p.l(_printf_llu.o)
    0x000001d4   0x0000000a   Code   RO         1296    .ARM.Collect$$_printf_percent$$00000010  c_p.l(_printf_llo.o)
    0x000001de   0x0000000a   Code   RO         1297    .ARM.Collect$$_printf_percent$$00000011  c_p.l(_printf_llx.o)
    0x000001e8   0x0000000a   Code   RO         1293    .ARM.Collect$$_printf_percent$$00000012  c_p.l(_printf_l.o)
    0x000001f2   0x0000000a   Code   RO         1277    .ARM.Collect$$_printf_percent$$00000013  c_p.l(_printf_c.o)
    0x000001fc   0x0000000a   Code   RO         1278    .ARM.Collect$$_printf_percent$$00000014  c_p.l(_printf_s.o)
    0x00000206   0x0000000a   Code   RO         1294    .ARM.Collect$$_printf_percent$$00000015  c_p.l(_printf_lc.o)
    0x00000210   0x0000000a   Code   RO         1295    .ARM.Collect$$_printf_percent$$00000016  c_p.l(_printf_ls.o)
    0x0000021a   0x00000004   Code   RO         1288    .ARM.Collect$$_printf_percent$$00000017  c_p.l(_printf_percent_end.o)
    0x0000021e   0x00000002   Code   RO         1651    .ARM.Collect$$libinit$$00000000  c_p.l(libinit.o)
    0x00000220   0x00000004   Code   RO         1349    .ARM.Collect$$libinit$$00000001  c_p.l(libinit2.o)
    0x00000224   0x00000008   Code   RO         1351    .ARM.Collect$$libinit$$00000003  c_p.l(libinit2.o)
    0x0000022c   0x00000000   Code   RO         1353    .ARM.Collect$$libinit$$00000008  c_p.l(libinit2.o)
    0x0000022c   0x00000000   Code   RO         1355    .ARM.Collect$$libinit$$0000000A  c_p.l(libinit2.o)
    0x0000022c   0x00000000   Code   RO         1357    .ARM.Collect$$libinit$$0000000C  c_p.l(libinit2.o)
    0x0000022c   0x00000006   Code   RO         1358    .ARM.Collect$$libinit$$0000000D  c_p.l(libinit2.o)
    0x00000232   0x00000000   Code   RO         1360    .ARM.Collect$$libinit$$0000000F  c_p.l(libinit2.o)
    0x00000232   0x0000000c   Code   RO         1361    .ARM.Collect$$libinit$$00000010  c_p.l(libinit2.o)
    0x0000023e   0x00000000   Code   RO         1362    .ARM.Collect$$libinit$$00000011  c_p.l(libinit2.o)
    0x0000023e   0x00000000   Code   RO         1364    .ARM.Collect$$libinit$$00000013  c_p.l(libinit2.o)
    0x0000023e   0x0000000a   Code   RO         1365    .ARM.Collect$$libinit$$00000014  c_p.l(libinit2.o)
    0x00000248   0x00000000   Code   RO         1366    .ARM.Collect$$libinit$$00000015  c_p.l(libinit2.o)
    0x00000248   0x00000000   Code   RO         1368    .ARM.Collect$$libinit$$00000017  c_p.l(libinit2.o)
    0x00000248   0x00000000   Code   RO         1370    .ARM.Collect$$libinit$$00000019  c_p.l(libinit2.o)
    0x00000248   0x00000000   Code   RO         1372    .ARM.Collect$$libinit$$0000001B  c_p.l(libinit2.o)
    0x00000248   0x00000000   Code   RO         1374    .ARM.Collect$$libinit$$0000001D  c_p.l(libinit2.o)
    0x00000248   0x00000000   Code   RO         1376    .ARM.Collect$$libinit$$0000001F  c_p.l(libinit2.o)
    0x00000248   0x00000000   Code   RO         1378    .ARM.Collect$$libinit$$00000021  c_p.l(libinit2.o)
    0x00000248   0x00000004   Code   RO         1379    .ARM.Collect$$libinit$$00000022  c_p.l(libinit2.o)
    0x0000024c   0x00000000   Code   RO         1380    .ARM.Collect$$libinit$$00000023  c_p.l(libinit2.o)
    0x0000024c   0x00000000   Code   RO         1384    .ARM.Collect$$libinit$$0000002A  c_p.l(libinit2.o)
    0x0000024c   0x00000000   Code   RO         1386    .ARM.Collect$$libinit$$0000002C  c_p.l(libinit2.o)
    0x0000024c   0x00000000   Code   RO         1388    .ARM.Collect$$libinit$$0000002E  c_p.l(libinit2.o)
    0x0000024c   0x00000004   Code   RO         1389    .ARM.Collect$$libinit$$0000002F  c_p.l(libinit2.o)
    0x00000250   0x00000000   Code   RO         1390    .ARM.Collect$$libinit$$00000030  c_p.l(libinit2.o)
    0x00000250   0x00000002   Code   RO         1391    .ARM.Collect$$libinit$$00000031  c_p.l(libinit2.o)
    0x00000252   0x00000006   Code   RO         1392    .ARM.Collect$$libshutdown$$00000001  c_p.l(libshutdown2.o)
    0x00000258   0x00000000   Code   RO         1394    .ARM.Collect$$libshutdown$$00000003  c_p.l(libshutdown2.o)
    0x00000258   0x00000000   Code   RO         1173    .ARM.Collect$$rtentry$$00000000  c_p.l(rtentry.o)
    0x00000258   0x00000000   Code   RO         1454    .ARM.Collect$$rtentry$$00000002  c_p.l(rtentry2.o)
    0x00000258   0x00000006   Code   RO         1466    .ARM.Collect$$rtentry$$00000004  c_p.l(rtentry4.o)
    0x0000025e   0x00000000   Code   RO         1456    .ARM.Collect$$rtentry$$00000009  c_p.l(rtentry2.o)
    0x0000025e   0x00000004   Code   RO         1457    .ARM.Collect$$rtentry$$0000000A  c_p.l(rtentry2.o)
    0x00000262   0x00000000   Code   RO         1459    .ARM.Collect$$rtentry$$0000000C  c_p.l(rtentry2.o)
    0x00000262   0x00000008   Code   RO         1460    .ARM.Collect$$rtentry$$0000000D  c_p.l(rtentry2.o)
    0x0000026a   0x00000002   PAD
    0x0000026c   0x00000038   Code   RO         1341    .emb_text           c_p.l(rt_memcpy.o)
    0x000002a4   0x00000000   Code   RO         1601    .emb_text           c_p.l(maybetermalloc1.o)
    0x000002a4   0x0000001c   Code   RO          303    .text               startup_MKL25Z4.o
    0x000002c0   0x0000000e   Code   RO          924    .text               c_p.l(c89vfprintf.o)
    0x000002ce   0x00000016   Code   RO          926    .text               c_p.l(__2fprintf.o)
    0x000002e4   0x0000002c   Code   RO          928    .text               c_p.l(__2sprintf.o)
    0x00000310   0x0000006c   Code   RO          936    .text               c_p.l(_printf_dec.o)
    0x0000037c   0x00000040   Code   RO          984    .text               c_p.l(__0sscanf.o)
    0x000003bc   0x0000001a   Code   RO         1004    .text               c_p.l(setbuf.o)
    0x000003d6   0x00000002   PAD
    0x000003d8   0x00000024   Code   RO         1046    .text               c_p.l(init_aeabi.o)
    0x000003fc   0x00000004   Code   RO         1477    .text               c_p.l(hguard.o)
    0x00000400   0x00000010   Code   RO          302    .ARM.__at_0x400     startup_MKL25Z4.o
    0x00000410   0x0000035c   Code   RO            3    .text               main.o
    0x0000076c   0x00000098   Code   RO          956    .text               c_p.l(_printf_hex_int_ll_ptr.o)
    0x00000804   0x00000188   Code   RO          976    .text               c_p.l(__printf_flags_ss_wp.o)
    0x0000098c   0x0000014a   Code   RO          986    .text               c_p.l(_scanf_int.o)
    0x00000ad6   0x00000002   PAD
    0x00000ad8   0x00000068   Code   RO          988    .text               c_p.l(fflush.o)
    0x00000b40   0x000000e8   Code   RO         1002    .text               c_p.l(fopen.o)
    0x00000c28   0x0000004c   Code   RO         1012    .text               c_p.l(fclose.o)
    0x00000c74   0x00000044   Code   RO         1027    .text               c_p.l(strlen.o)
    0x00000cb8   0x000000a0   Code   RO         1029    .text               c_p.l(strncmp.o)
    0x00000d58   0x00000096   Code   RO         1031    .text               c_p.l(rt_memmove.o)
    0x00000dee   0x00000002   PAD
    0x00000df0   0x00000088   Code   RO         1035    .text               c_p.l(strcmp.o)
    0x00000e78   0x000001e8   Code   RO         1037    .text               c_p.l(aeabi_sdivfast.o)
    0x00001060   0x0000004c   Code   RO         1165    .text               fz_ps.l(ffixi.o)
    0x000010ac   0x00000008   Code   RO         1183    .text               c_p.l(rt_ddtor_pointer_addr.o)
    0x000010b4   0x00000062   Code   RO         1192    .text               c_p.l(h1_alloc.o)
    0x00001116   0x0000004c   Code   RO         1194    .text               c_p.l(h1_free.o)
    0x00001162   0x0000004e   Code   RO         1250    .text               c_p.l(_printf_pad.o)
    0x000011b0   0x00000024   Code   RO         1252    .text               c_p.l(_printf_truncate.o)
    0x000011d4   0x00000052   Code   RO         1254    .text               c_p.l(_printf_str.o)
    0x00001226   0x000000b0   Code   RO         1256    .text               c_p.l(_printf_intcommon.o)
    0x000012d6   0x00000028   Code   RO         1258    .text               c_p.l(_printf_charcount.o)
    0x000012fe   0x00000002   PAD
    0x00001300   0x00000030   Code   RO         1260    .text               c_p.l(_printf_char_common.o)
    0x00001330   0x0000000a   Code   RO         1262    .text               c_p.l(_sputc.o)
    0x0000133a   0x00000002   PAD
    0x0000133c   0x00000028   Code   RO         1264    .text               c_p.l(_printf_char_file.o)
    0x00001364   0x000000bc   Code   RO         1266    .text               c_p.l(_printf_wctomb.o)
    0x00001420   0x00000070   Code   RO         1269    .text               c_p.l(_printf_longlong_dec.o)
    0x00001490   0x00000070   Code   RO         1275    .text               c_p.l(_printf_oct_int_ll.o)
    0x00001500   0x0000001e   Code   RO         1298    .text               c_p.l(_chval.o)
    0x0000151e   0x00000002   PAD
    0x00001520   0x00000030   Code   RO         1304    .text               c_p.l(scanf_char.o)
    0x00001550   0x00000044   Code   RO         1306    .text               c_p.l(_sgetc.o)
    0x00001594   0x00000008   Code   RO         1316    .text               c_p.l(ferror.o)
    0x0000159c   0x000001f0   Code   RO         1320    .text               c_p.l(flsbuf.o)
    0x0000178c   0x000000f4   Code   RO         1322    .text               c_p.l(fseek.o)
    0x00001880   0x0000004c   Code   RO         1324    .text               c_p.l(setvbuf.o)
    0x000018cc   0x000000f0   Code   RO         1326    .text               c_p.l(stdio.o)
    0x000019bc   0x0000013c   Code   RO         1329    .text               c_p.l(initio.o)
    0x00001af8   0x0000000c   Code   RO         1337    .text               c_p.l(defsig_pvfn_outer.o)
    0x00001b04   0x00000082   Code   RO         1342    .text               c_p.l(rt_memcpy.o)
    0x00001b86   0x00000040   Code   RO         1345    .text               c_p.l(rt_memclr.o)
    0x00001bc6   0x00000028   Code   RO         1347    .text               c_p.l(rtudiv10.o)
    0x00001bee   0x00000002   PAD
    0x00001bf0   0x00000008   Code   RO         1472    .text               c_p.l(rt_heap_descriptor.o)
    0x00001bf8   0x00000088   Code   RO         1479    .text               c_p.l(init_alloc.o)
    0x00001c80   0x0000000e   Code   RO         1483    .text               c_p.l(h1_init.o)
    0x00001c8e   0x0000007a   Code   RO         1499    .text               c_p.l(lludiv10.o)
    0x00001d08   0x00000012   Code   RO         1501    .text               c_p.l(isspace.o)
    0x00001d1a   0x00000002   PAD
    0x00001d1c   0x00000414   Code   RO         1503    .text               c_p.l(_printf_fp_dec.o)
    0x00002130   0x0000002e   Code   RO         1507    .text               c_p.l(_printf_char.o)
    0x0000215e   0x0000002e   Code   RO         1511    .text               c_p.l(_printf_wchar.o)
    0x0000218c   0x0000038c   Code   RO         1513    .text               c_p.l(_scanf.o)
    0x00002518   0x00000042   Code   RO         1523    .text               c_p.l(ftell.o)
    0x0000255a   0x00000044   Code   RO         1549    .text               c_p.l(_wcrtomb.o)
    0x0000259e   0x0000000c   Code   RO         1551    .text               c_p.l(defsig_exit.o)
    0x000025aa   0x0000000c   Code   RO         1553    .text               c_p.l(defsig_rtred_outer.o)
    0x000025b6   0x00000002   PAD
    0x000025b8   0x00000030   Code   RO         1557    .text               c_p.l(defsig_pvfn_inner.o)
    0x000025e8   0x0000000c   Code   RO         1585    .text               c_p.l(sys_exit.o)
    0x000025f4   0x00000010   Code   RO         1587    .text               c_p.l(rt_ctype_table.o)
    0x00002604   0x00000008   Code   RO         1589    .text               c_p.l(rt_locale.o)
    0x0000260c   0x00000008   Code   RO         1594    .text               c_p.l(rt_errno_addr.o)
    0x00002614   0x00000034   Code   RO         1603    .text               c_p.l(h1_extend.o)
    0x00002648   0x00000088   Code   RO         1607    .text               c_p.l(_printf_fp_infnan.o)
    0x000026d0   0x000000cc   Code   RO         1609    .text               c_p.l(bigflt0.o)
    0x0000279c   0x000004a8   Code   RO         1612    .text               c_p.l(btod.o)
    0x00002c44   0x00000034   Code   RO         1625    .text               c_p.l(defsig_general.o)
    0x00002c78   0x00000034   Code   RO         1631    .text               c_p.l(defsig_rtred_inner.o)
    0x00002cac   0x0000000c   Code   RO         1633    .text               c_p.l(defsig_rtmem_outer.o)
    0x00002cb8   0x00000050   Code   RO         1637    .text               c_p.l(heapauxa.o)
    0x00002d08   0x0000000c   Code   RO         1683    .text               c_p.l(sys_wrch.o)
    0x00002d14   0x00000002   Code   RO         1685    .text               c_p.l(use_no_semi.o)
    0x00002d16   0x00000000   Code   RO         1687    .text               c_p.l(indicate_semi.o)
    0x00002d16   0x00000002   PAD
    0x00002d18   0x00000050   Code   RO         1712    .text               c_p.l(defsig_rtmem_inner.o)
    0x00002d68   0x00000010   Code   RO          307    i.$Sub$$main        retarget.o
    0x00002d78   0x0000000a   Code   RO          607    i.<Func1>           mbed.ar(SerialBase.o)
    0x00002d82   0x00000002   PAD
    0x00002d84   0x00000058   Code   RO          287    i.NVIC_SetVector    cmsis_nvic.o
    0x00002ddc   0x00000098   Code   RO          295    i.SystemInit        system_MKL25Z4.o
    0x00002e74   0x00000014   Code   RO           31    i._ZN4mbed10DigitalOutC1E7PinName  main.o
    0x00002e88   0x0000001e   Code   RO           25    i._ZN4mbed10DigitalOutaSEi  main.o
    0x00002ea6   0x0000003a   Code   RO          404    i._ZN4mbed10FileHandle4flenEv  retarget.o
    0x00002ee0   0x0000002c   Code   RO          309    i._ZN4mbed10FileHandleD2Ev  retarget.o
    0x00002f0c   0x0000000c   Code   RO          609    i._ZN4mbed10SerialBase10_base_putcEi  mbed.ar(SerialBase.o)
    0x00002f18   0x00000010   Code   RO          611    i._ZN4mbed10SerialBase12_irq_handlerEj9SerialIrq  mbed.ar(SerialBase.o)
    0x00002f28   0x0000000e   Code   RO          612    i._ZN4mbed10SerialBase4baudEi  mbed.ar(SerialBase.o)
    0x00002f36   0x00000002   PAD
    0x00002f38   0x0000003c   Code   RO          617    i._ZN4mbed10SerialBaseC1E7PinNameS1_  mbed.ar(SerialBase.o)
    0x00002f74   0x00000006   Code   RO          727    i._ZN4mbed10TimerEvent3irqEj  mbed.ar(TimerEvent.o)
    0x00002f7a   0x0000000c   Code   RO          728    i._ZN4mbed10TimerEvent6insertEj  mbed.ar(TimerEvent.o)
    0x00002f86   0x0000000a   Code   RO          729    i._ZN4mbed10TimerEvent6removeEv  mbed.ar(TimerEvent.o)
    0x00002f90   0x0000001c   Code   RO          730    i._ZN4mbed10TimerEventC2Ev  mbed.ar(TimerEvent.o)
    0x00002fac   0x00000018   Code   RO          732    i._ZN4mbed10TimerEventD2Ev  mbed.ar(TimerEvent.o)
    0x00002fc4   0x0000001a   Code   RO          564    i._ZN4mbed15FunctionPointer4callEv  mbed.ar(FunctionPointer.o)
    0x00002fde   0x00000008   Code   RO          565    i._ZN4mbed15FunctionPointer6attachEPFvvE  mbed.ar(FunctionPointer.o)
    0x00002fe6   0x00000008   Code   RO          566    i._ZN4mbed15FunctionPointerC1EPFvvE  mbed.ar(FunctionPointer.o)
    0x00002fee   0x0000000a   Code   RO          576    i._ZN4mbed6Serial5_putcEi  mbed.ar(Serial.o)
    0x00002ff8   0x00000024   Code   RO          577    i._ZN4mbed6SerialC1E7PinNameS1_PKc  mbed.ar(Serial.o)
    0x0000301c   0x00000008   Code   RO          589    i._ZN4mbed6SerialD1Ev  mbed.ar(Serial.o)
    0x00003024   0x00000004   Code   RO          644    i._ZN4mbed6Stream4flenEv  mbed.ar(Stream.o)
    0x00003028   0x00000016   Code   RO          647    i._ZN4mbed6Stream4putcEi  mbed.ar(Stream.o)
    0x0000303e   0x00000004   Code   RO          650    i._ZN4mbed6Stream5closeEv  mbed.ar(Stream.o)
    0x00003042   0x00000004   Code   RO          652    i._ZN4mbed6Stream5lseekEli  mbed.ar(Stream.o)
    0x00003046   0x00000026   Code   RO          654    i._ZN4mbed6Stream5writeEPKvj  mbed.ar(Stream.o)
    0x0000306c   0x00000004   Code   RO          655    i._ZN4mbed6Stream6isattyEv  mbed.ar(Stream.o)
    0x00003070   0x00000020   Code   RO          656    i._ZN4mbed6Stream6printfEPKcz  mbed.ar(Stream.o)
    0x00003090   0x00000044   Code   RO          657    i._ZN4mbed6StreamC2EPKc  mbed.ar(Stream.o)
    0x000030d4   0x00000024   Code   RO          659    i._ZN4mbed6StreamD2Ev  mbed.ar(Stream.o)
    0x000030f8   0x0000001c   Code   RO          706    i._ZN4mbed6Ticker5setupEj  mbed.ar(Ticker.o)
    0x00003114   0x0000001a   Code   RO          708    i._ZN4mbed6Ticker7handlerEv  mbed.ar(Ticker.o)
    0x0000312e   0x00000008   Code   RO          717    i._ZN4mbed6TickerD1Ev  mbed.ar(Ticker.o)
    0x00003136   0x00000004   Code   RO          826    i._ZN4mbed8FileBase11getPathTypeEv  mbed.ar(FileBase.o)
    0x0000313a   0x00000002   PAD
    0x0000313c   0x0000003c   Code   RO          828    i._ZN4mbed8FileBase6lookupEPKcj  mbed.ar(FileBase.o)
    0x00003178   0x00000024   Code   RO          830    i._ZN4mbed8FileBaseC1EPKcNS_8PathTypeE  mbed.ar(FileBase.o)
    0x0000319c   0x00000034   Code   RO          832    i._ZN4mbed8FileBaseD1Ev  mbed.ar(FileBase.o)
    0x000031d0   0x00000024   Code   RO          856    i._ZN4mbed8FileLikeC2EPKc  mbed.ar(FileLike.o)
    0x000031f4   0x00000010   Code   RO          858    i._ZN4mbed8FileLikeD2Ev  mbed.ar(FileLike.o)
    0x00003204   0x0000001a   Code   RO          481    i._ZN4mbed8FilePath10fileSystemEv  mbed.ar(FilePath.o)
    0x0000321e   0x00000020   Code   RO          483    i._ZN4mbed8FilePath4fileEv  mbed.ar(FilePath.o)
    0x0000323e   0x0000000a   Code   RO          484    i._ZN4mbed8FilePath6existsEv  mbed.ar(FilePath.o)
    0x00003248   0x00000018   Code   RO          485    i._ZN4mbed8FilePath6isFileEv  mbed.ar(FilePath.o)
    0x00003260   0x00000004   Code   RO          486    i._ZN4mbed8FilePath8fileNameEv  mbed.ar(FilePath.o)
    0x00003264   0x00000044   Code   RO          487    i._ZN4mbed8FilePathC1EPKc  mbed.ar(FilePath.o)
    0x000032a8   0x00000030   Code   RO         1614    i.__ARM_common_ll_muluu  c_p.l(btod.o)
    0x000032d8   0x0000002c   Code   RO         1675    i.__ARM_fpclassify  m_ps.l(fpclassify.o)
    0x00003304   0x0000002c   Code   RO         1059    i.__aeabi_atexit    cpprt_p.l(aeabi_atexit.o)
    0x00003330   0x00000020   Code   RO         1062    i.__aeabi_vec_ctor_nocookie_nodtor  cpprt_p.l(aeabi_vec_ctor_nocookie_nodtor.o)
    0x00003350   0x00000042   Code   RO         1432    i.__cxa_finalize    cpprt_p.l(cxa_finalize.o)
    0x00003392   0x0000000a   Code   RO         1056    i.__cxa_pure_virtual  cpprt_p.l(pure_virt.o)
    0x0000339c   0x00000010   Code   RO          281    i.__user_setup_stackheap  sys.o
    0x000033ac   0x0000000e   Code   RO          969    i._is_digit         c_p.l(__printf_wp.o)
    0x000033ba   0x00000002   PAD
    0x000033bc   0x0000002c   Code   RO          310    i._sys_close        retarget.o
    0x000033e8   0x00000028   Code   RO          313    i._sys_flen         retarget.o
    0x00003410   0x00000028   Code   RO          314    i._sys_istty        retarget.o
    0x00003438   0x00000140   Code   RO          315    i._sys_open         retarget.o
    0x00003578   0x00000028   Code   RO          317    i._sys_seek         retarget.o
    0x000035a0   0x00000060   Code   RO          318    i._sys_write        retarget.o
    0x00003600   0x000000d8   Code   RO          412    i.analogin_init     mbed.ar(analogin_api.o)
    0x000036d8   0x0000001c   Code   RO          414    i.analogin_read_u16  mbed.ar(analogin_api.o)
    0x000036f4   0x00000018   Code   RO          795    i.exit              mbed.ar(exit.o)
    0x0000370c   0x0000001e   Code   RO          997    i.fputc             c_p.l(fputc.o)
    0x0000372a   0x00000002   PAD
    0x0000372c   0x0000006c   Code   RO          423    i.gpio_init         mbed.ar(gpio_api.o)
    0x00003798   0x00000060   Code   RO          762    i.lptmr_isr         mbed.ar(us_ticker.o)
    0x000037f8   0x0000002c   Code   RO          879    i.mbed_die          mbed.ar(board.o)
    0x00003824   0x00000008   Code   RO          885    i.mbed_interface_connected  mbed.ar(mbed_interface.o)
    0x0000382c   0x00000002   Code   RO          320    i.mbed_main         retarget.o
    0x0000382e   0x00000002   Code   RO          321    i.mbed_sdk_init     retarget.o
    0x00003830   0x00000044   Code   RO          754    i.pin_function      mbed.ar(pinmap.o)
    0x00003874   0x00000018   Code   RO          755    i.pin_mode          mbed.ar(pinmap.o)
    0x0000388c   0x0000003c   Code   RO          802    i.pinmap_merge      mbed.ar(pinmap_common.o)
    0x000038c8   0x00000064   Code   RO          803    i.pinmap_peripheral  mbed.ar(pinmap_common.o)
    0x0000392c   0x0000005c   Code   RO          804    i.pinmap_pinout     mbed.ar(pinmap_common.o)
    0x00003988   0x0000000c   Code   RO          905    i.semihost_connected  mbed.ar(semihost_api.o)
    0x00003994   0x0000000c   Code   RO          907    i.semihost_exit     mbed.ar(semihost_api.o)
    0x000039a0   0x00000180   Code   RO          434    i.serial_baud       mbed.ar(serial_api.o)
    0x00003b20   0x000000a0   Code   RO          438    i.serial_format     mbed.ar(serial_api.o)
    0x00003bc0   0x00000178   Code   RO          441    i.serial_init       mbed.ar(serial_api.o)
    0x00003d38   0x00000018   Code   RO          442    i.serial_irq_handler  mbed.ar(serial_api.o)
    0x00003d50   0x00000024   Code   RO          445    i.serial_putc       mbed.ar(serial_api.o)
    0x00003d74   0x00000002   Code   RO          763    i.us_ticker_clear_interrupt  mbed.ar(us_ticker.o)
    0x00003d76   0x00000002   PAD
    0x00003d78   0x00000010   Code   RO          764    i.us_ticker_disable_interrupt  mbed.ar(us_ticker.o)
    0x00003d88   0x000001c0   Code   RO          765    i.us_ticker_init    mbed.ar(us_ticker.o)
    0x00003f48   0x00000040   Code   RO          813    i.us_ticker_insert_event  mbed.ar(us_ticker_api.o)
    0x00003f88   0x00000040   Code   RO          814    i.us_ticker_irq_handler  mbed.ar(us_ticker_api.o)
    0x00003fc8   0x00000020   Code   RO          766    i.us_ticker_read    mbed.ar(us_ticker.o)
    0x00003fe8   0x00000038   Code   RO          815    i.us_ticker_remove_event  mbed.ar(us_ticker_api.o)
    0x00004020   0x00000014   Code   RO          816    i.us_ticker_set_handler  mbed.ar(us_ticker_api.o)
    0x00004034   0x00000074   Code   RO          767    i.us_ticker_set_interrupt  mbed.ar(us_ticker.o)
    0x000040a8   0x00000024   Code   RO          473    i.wait              mbed.ar(wait_api.o)
    0x000040cc   0x0000001c   Code   RO          474    i.wait_ms           mbed.ar(wait_api.o)
    0x000040e8   0x0000002c   Code   RO         1619    locale$$code        c_p.l(lc_numeric_c.o)
    0x00004114   0x0000002c   Code   RO         1702    locale$$code        c_p.l(lc_ctype_c.o)
    0x00004140   0x000000b0   Code   RO         1169    x$fpl$fmul          fz_ps.l(fmul.o)
    0x000041f0   0x00000010   Code   RO         1445    x$fpl$printf1       fz_ps.l(printf1.o)
    0x00004200   0x00000000   Code   RO         1449    x$fpl$usenofp       fz_ps.l(usenofp.o)
    0x00004200   0x00000017   Data   RO          358    .constdata          retarget.o
    0x00004217   0x00000001   PAD
    0x00004218   0x0000007a   Data   RO          452    .constdata          mbed.ar(serial_api.o)
    0x00004292   0x00000002   PAD
    0x00004294   0x000000cc   Data   RO          780    .constdata          mbed.ar(PeripheralPins.o)
    0x00004360   0x0000006c   Data   RO          784    .constdata          mbed.ar(PeripheralPins.o)
    0x000043cc   0x0000006c   Data   RO          785    .constdata          mbed.ar(PeripheralPins.o)
    0x00004438   0x00000028   Data   RO          957    .constdata          c_p.l(_printf_hex_int_ll_ptr.o)
    0x00004460   0x00000011   Data   RO          977    .constdata          c_p.l(__printf_flags_ss_wp.o)
    0x00004471   0x00000003   PAD
    0x00004474   0x00000008   Data   RO         1267    .constdata          c_p.l(_printf_wctomb.o)
    0x0000447c   0x00000094   Data   RO         1610    .constdata          c_p.l(bigflt0.o)
    0x00004510   0x0000002c   Data   RO          403    .constdata__ZTVN4mbed10FileHandleE  retarget.o
    0x0000453c   0x00000014   Data   RO          749    .constdata__ZTVN4mbed10TimerEventE  mbed.ar(TimerEvent.o)
    0x00004550   0x00000044   Data   RO          587    .constdata__ZTVN4mbed6SerialE  mbed.ar(Serial.o)
    0x00004594   0x00000044   Data   RO          703    .constdata__ZTVN4mbed6StreamE  mbed.ar(Stream.o)
    0x000045d8   0x00000014   Data   RO          716    .constdata__ZTVN4mbed6TickerE  mbed.ar(Ticker.o)
    0x000045ec   0x00000010   Data   RO          851    .constdata__ZTVN4mbed8FileBaseE  mbed.ar(FileBase.o)
    0x000045fc   0x0000003c   Data   RO          874    .constdata__ZTVN4mbed8FileLikeE  mbed.ar(FileLike.o)
    0x00004638   0x00000020   Data   RO         1770    Region$$Table       anon$$obj.o
    0x00004658   0x0000001c   Data   RO         1618    locale$$data        c_p.l(lc_numeric_c.o)
    0x00004674   0x00000110   Data   RO         1701    locale$$data        c_p.l(lc_ctype_c.o)
    0x00004784   0x00000004   Data   RO            7    .init_array         main.o


    Execution Region RW_IRAM1 (Base: 0x1ffff0c0, Size: 0x00000294, Max: 0x00003f40, ABSOLUTE)

    Base Addr    Size         Type   Attr      Idx    E Section Name        Object

    0x1ffff0c0   0x0000001c   Data   RW            6    .data               main.o
    0x1ffff0dc   0x00000004   Data   RW          296    .data               system_MKL25Z4.o
    0x1ffff0e0   0x00000010   Data   RW          453    .data               mbed.ar(serial_api.o)
    0x1ffff0f0   0x0000000c   Data   RW          768    .data               mbed.ar(us_ticker.o)
    0x1ffff0fc   0x00000008   Data   RW          817    .data               mbed.ar(us_ticker_api.o)
    0x1ffff104   0x00000004   Data   RW          840    .data               mbed.ar(FileBase.o)
    0x1ffff108   0x00000004   Data   RW          912    .data               mbed.ar(semihost_api.o)
    0x1ffff10c   0x00000004   Data   RW         1009    .data               c_p.l(stdio_streams.o)
    0x1ffff110   0x00000004   Data   RW         1010    .data               c_p.l(stdio_streams.o)
    0x1ffff114   0x00000004   Data   RW         1011    .data               c_p.l(stdio_streams.o)
    0x1ffff118   0x00000004   Data   RW         1638    .data               c_p.l(heapauxa.o)
    0x1ffff11c   0x000000d0   Zero   RW            5    .bss                main.o
    0x1ffff1ec   0x00000040   Zero   RW          357    .bss                retarget.o
    0x1ffff22c   0x0000000c   Zero   RW          451    .bss                mbed.ar(serial_api.o)
    0x1ffff238   0x00000054   Zero   RW         1006    .bss                c_p.l(stdio_streams.o)
    0x1ffff28c   0x00000054   Zero   RW         1007    .bss                c_p.l(stdio_streams.o)
    0x1ffff2e0   0x00000054   Zero   RW         1008    .bss                c_p.l(stdio_streams.o)
    0x1ffff334   0x00000004   Zero   RW         1184    .bss                c_p.l(rt_ddtor_pointer_addr.o)
    0x1ffff338   0x00000004   Zero   RW         1473    .bss                c_p.l(rt_heap_descriptor.o)
    0x1ffff33c   0x00000014   Zero   RW         1590    .bss                c_p.l(rt_locale.o)
    0x1ffff350   0x00000004   Zero   RW         1595    .bss                c_p.l(rt_errno_addr.o)


==============================================================================

Image component sizes


      Code (inc. data)   RO Data    RW Data    ZI Data      Debug   Object Name

        88          8          0          0          0         80   cmsis_nvic.o
       910        122          4         28        208     110406   main.o
       702         74         67          0         64        752   retarget.o
        44         24        192          0          0        164   startup_MKL25Z4.o
        16          6          0          0          0         60   sys.o
       152         32          0          4          0         60   system_MKL25Z4.o

    ----------------------------------------------------------------------
      1912        266        296         32        272     111522   Object Totals
         0          0         32          0          0          0   (incl. Generated)
         0          0          1          0          0          0   (incl. Padding)

    ----------------------------------------------------------------------

      Code (inc. data)   RO Data    RW Data    ZI Data      Debug   Library Member Name

        64         10          0          0          0         84   __0sscanf.o
        22          0          0          0          0         84   __2fprintf.o
        44          4          0          0          0         84   __2sprintf.o
         8          0          0          0          0         68   __main.o
       392          6         17          0          0         76   __printf_flags_ss_wp.o
        14          0          0          0          0         60   __printf_wp.o
        60          8          0          0          0          0   __scatter.o
        26          0          0          0          0          0   __scatter_copy.o
        28          0          0          0          0          0   __scatter_zi.o
        30          0          0          0          0         60   _chval.o
        10          0          0          0          0          0   _printf_a.o
        10          0          0          0          0          0   _printf_c.o
        46          0          0          0          0        100   _printf_char.o
        48          6          0          0          0         88   _printf_char_common.o
        40          6          0          0          0         72   _printf_char_file.o
        40          0          0          0          0         60   _printf_charcount.o
        10          0          0          0          0          0   _printf_d.o
       108         18          0          0          0         76   _printf_dec.o
        10          0          0          0          0          0   _printf_e.o
        10          0          0          0          0          0   _printf_f.o
      1044         12          0          0          0        176   _printf_fp_dec.o
       136         16          0          0          0         76   _printf_fp_infnan.o
        10          0          0          0          0          0   _printf_g.o
       152          4         40          0          0        148   _printf_hex_int_ll_ptr.o
        10          0          0          0          0          0   _printf_i.o
       176          0          0          0          0         84   _printf_intcommon.o
        10          0          0          0          0          0   _printf_l.o
        10          0          0          0          0          0   _printf_lc.o
        10          0          0          0          0          0   _printf_ll.o
        10          0          0          0          0          0   _printf_lld.o
        10          0          0          0          0          0   _printf_lli.o
        10          0          0          0          0          0   _printf_llo.o
        10          0          0          0          0          0   _printf_llu.o
        10          0          0          0          0          0   _printf_llx.o
       112         18          0          0          0         76   _printf_longlong_dec.o
        10          0          0          0          0          0   _printf_ls.o
        10          0          0          0          0          0   _printf_n.o
        10          0          0          0          0          0   _printf_o.o
       112         10          0          0          0        112   _printf_oct_int_ll.o
        10          0          0          0          0          0   _printf_p.o
        78          0          0          0          0        100   _printf_pad.o
         2          0          0          0          0          0   _printf_percent.o
         4          0          0          0          0          0   _printf_percent_end.o
        10          0          0          0          0          0   _printf_s.o
        82          0          0          0          0         72   _printf_str.o
        36          0          0          0          0         76   _printf_truncate.o
        10          0          0          0          0          0   _printf_u.o
        46          0          0          0          0        100   _printf_wchar.o
       188          6          8          0          0         80   _printf_wctomb.o
        10          0          0          0          0          0   _printf_x.o
       908         16          0          0          0         84   _scanf.o
       330          0          0          0          0         84   _scanf_int.o
        68          0          0          0          0         76   _sgetc.o
        10          0          0          0          0         60   _sputc.o
        68          0          0          0          0         72   _wcrtomb.o
       488          0          0          0          0         92   aeabi_sdivfast.o
       204          4        148          0          0         80   bigflt0.o
      1240         12          0          0          0        316   btod.o
        14          0          0          0          0         68   c89vfprintf.o
        12          0          0          0          0         68   defsig_exit.o
        52          0          0          0          0         72   defsig_general.o
        48         34          0          0          0         68   defsig_pvfn_inner.o
        12          0          0          0          0         68   defsig_pvfn_outer.o
        80         58          0          0          0         68   defsig_rtmem_inner.o
        12          0          0          0          0         68   defsig_rtmem_outer.o
        52         38          0          0          0         68   defsig_rtred_inner.o
        12          0          0          0          0         68   defsig_rtred_outer.o
        76          4          0          0          0         76   fclose.o
         8          0          0          0          0         60   ferror.o
       104          4          0          0          0        100   fflush.o
       496         10          0          0          0         76   flsbuf.o
       232          8          0          0          0        108   fopen.o
        30          0          0          0          0         68   fputc.o
       244          4          0          0          0         76   fseek.o
        66          0          0          0          0         68   ftell.o
        98          0          0          0          0         72   h1_alloc.o
        52          0          0          0          0         68   h1_extend.o
        76          0          0          0          0         72   h1_free.o
        14          0          0          0          0         76   h1_init.o
        80          4          0          4          0         88   heapauxa.o
         4          0          0          0          0        120   hguard.o
         0          0          0          0          0          0   indicate_semi.o
        36         10          0          0          0         72   init_aeabi.o
       136          0          0          0          0        160   init_alloc.o
       316         44          0          0          0         96   initio.o
        18          0          0          0          0         68   isspace.o
        44         10        272          0          0         76   lc_ctype_c.o
        44         10         28          0          0         76   lc_numeric_c.o
         2          0          0          0          0          0   libinit.o
        50          0          0          0          0          0   libinit2.o
         6          0          0          0          0          0   libshutdown2.o
       122          0          0          0          0         72   lludiv10.o
         0          0          0          0          0          0   maybetermalloc1.o
        16          4          0          0          0         76   rt_ctype_table.o
         8          4          0          0          4         68   rt_ddtor_pointer_addr.o
         8          4          0          0          4         68   rt_errno_addr.o
         8          4          0          0          4         68   rt_heap_descriptor.o
         8          4          0          0         20         68   rt_locale.o
        64          0          0          0          0        108   rt_memclr.o
       186          0          0          0          0        144   rt_memcpy.o
       150          0          0          0          0        104   rt_memmove.o
         0          0          0          0          0          0   rtentry.o
        12          0          0          0          0          0   rtentry2.o
         6          0          0          0          0          0   rtentry4.o
        40          0          0          0          0         60   rtudiv10.o
        48          8          0          0          0         84   scanf_char.o
        26          0          0          0          0         68   setbuf.o
        76          4          0          0          0         72   setvbuf.o
       240          8          0          0          0        144   stdio.o
         0          0          0         12        252          0   stdio_streams.o
       136          4          0          0          0         72   strcmp.o
        68          6          0          0          0         72   strlen.o
       160          6          0          0          0         76   strncmp.o
        12          4          0          0          0         60   sys_exit.o
        12          0          0          0          0         68   sys_wrch.o
         2          0          0          0          0         68   use_no_semi.o
        44          0          0          0          0         76   aeabi_atexit.o
        32          0          0          0          0         80   aeabi_vec_ctor_nocookie_nodtor.o
        66          0          0          0          0         76   cxa_finalize.o
        10          0          0          0          0         68   pure_virt.o
        76          0          0          0          0         68   ffixi.o
       176          4          0          0          0         80   fmul.o
        16          4          0          0          0         76   printf1.o
         0          0          0          0          0          0   usenofp.o
        44          6          0          0          0         60   fpclassify.o
       152         20         16          4          0        252   FileBase.o
        52         12         60          0          0        136   FileLike.o
       164          0          0          0          0        392   FilePath.o
        42          0          0          0          0        180   FunctionPointer.o
         0          0        420          0          0          0   PeripheralPins.o
        54          8         68          0          0        204   Serial.o
       112          8          0          0          0        348   SerialBase.o
       212         28         68          0          0        624   Stream.o
        62          0         20          0          0        208   Ticker.o
        80         16         20          0          0        332   TimerEvent.o
       244         58          0          0          0        132   analogin_api.o
        44          4          0          0          0         68   board.o
        24          0          0          0          0         64   exit.o
       108          6          0          0          0         72   gpio_api.o
         8          0          0          0          0         68   mbed_interface.o
        92         14          0          0          0        140   pinmap.o
       252         90          0          0          0        204   pinmap_common.o
        24          6          0          4          0        128   semihost_api.o
       980        150        122         16         12        372   serial_api.o
       710        110          0         12          0        408   us_ticker.o
       204         22          0          8          0        276   us_ticker_api.o
        64          4          0          0          0        144   wait_api.o

    ----------------------------------------------------------------------
     14792       1024       1312         60        296      12124   Library Totals
        36          0          5          0          0          0   (incl. Padding)

    ----------------------------------------------------------------------

      Code (inc. data)   RO Data    RW Data    ZI Data      Debug   Library Name

     10608        454        513         16        284       6788   c_p.l
       152          0          0          0          0        300   cpprt_p.l
       268          8          0          0          0        224   fz_ps.l
        44          6          0          0          0         60   m_ps.l
      3684        556        794         44         12       4752   mbed.ar

    ----------------------------------------------------------------------
     14792       1024       1312         60        296      12124   Library Totals

    ----------------------------------------------------------------------

==============================================================================


      Code (inc. data)   RO Data    RW Data    ZI Data      Debug   

     16704       1290       1608         92        568     115930   Grand Totals
     16704       1290       1608         92        568     115930   ELF Image Totals
     16704       1290       1608         92          0          0   ROM Totals

==============================================================================

    Total RO  Size (Code + RO Data)                18312 (  17.88kB)
    Total RW  Size (RW Data + ZI Data)               660 (   0.64kB)
    Total ROM Size (Code + RO Data + RW Data)      18404 (  17.97kB)

==============================================================================

